[rusage] pipe: user=0.344s sys=1.466s (children user=0.264s sys=1.501s) vcsw=419342 ivcsw=1 minflt=955
[rusage] fifo: user=0.554s sys=0.983s (children user=0.476s sys=1.027s) vcsw=419951 ivcsw=3 minflt=959
[rusage] socketpair: user=0.216s sys=1.520s (children user=0.162s sys=1.482s) vcsw=420385 ivcsw=0 minflt=961
[rusage] unix: user=0.222s sys=1.484s (children user=0.158s sys=1.493s) vcsw=420121 ivcsw=3 minflt=961
[rusage] tcp: user=0.226s sys=1.822s (children user=0.158s sys=1.843s) vcsw=419961 ivcsw=2 minflt=960
[rusage] mqueue: user=0.153s sys=0.262s (children user=0.112s sys=0.295s) vcsw=120003 ivcsw=1 minflt=368
[rusage] shm: user=0.041s sys=0.003s (children user=0.038s sys=0.000s) vcsw=8 ivcsw=8 minflt=1994
[rusage] mmap_anon: user=0.040s sys=0.002s (children user=0.037s sys=0.000s) vcsw=7 ivcsw=6 minflt=1992
[rusage] mmap_anon_populate: user=0.039s sys=0.004s (children user=0.037s sys=0.000s) vcsw=8 ivcsw=8 minflt=3529
[rusage] mmap_file: user=0.042s sys=0.002s (children user=0.038s sys=0.000s) vcsw=8 ivcsw=8 minflt=1987
[rusage] shm: user=0.564s sys=1.057s (children user=0.484s sys=1.087s) vcsw=414592 ivcsw=3 minflt=1997
[rusage] mmap_anon: user=0.545s sys=1.037s (children user=0.423s sys=1.129s) vcsw=417426 ivcsw=3 minflt=1994
[rusage] mmap_anon_populate: user=0.553s sys=1.035s (children user=0.449s sys=1.103s) vcsw=419989 ivcsw=1 minflt=3530
[rusage] mmap_file: user=0.500s sys=1.108s (children user=0.471s sys=1.097s) vcsw=419351 ivcsw=1 minflt=1991
[rusage] mmap_file_msync_async: user=0.003s sys=0.003s (children user=0.004s sys=0.000s) vcsw=8 ivcsw=0 minflt=1226
[rusage] mmap_file_msync_sync: user=0.011s sys=0.106s (children user=0.718s sys=0.004s) vcsw=28224 ivcsw=2 minflt=43220
[rusage] pipe: user=0.552s sys=0.983s (children user=0.458s sys=1.028s) vcsw=419986 ivcsw=0 minflt=959
[rusage] fifo: user=0.538s sys=0.994s (children user=0.485s sys=1.020s) vcsw=419997 ivcsw=0 minflt=955
[rusage] socketpair: user=0.235s sys=1.488s (children user=0.143s sys=1.462s) vcsw=420059 ivcsw=0 minflt=954
[rusage] unix: user=0.196s sys=1.535s (children user=0.202s sys=1.431s) vcsw=420067 ivcsw=2 minflt=959
[rusage] tcp: user=0.209s sys=1.874s (children user=0.142s sys=1.883s) vcsw=419928 ivcsw=5 minflt=960
[rusage] mqueue: user=0.135s sys=0.293s (children user=0.100s sys=0.319s) vcsw=119941 ivcsw=0 minflt=371
[rusage] shm: user=0.042s sys=0.001s (children user=0.038s sys=0.000s) vcsw=8 ivcsw=8 minflt=1994
[rusage] mmap_anon: user=0.041s sys=0.001s (children user=0.037s sys=0.000s) vcsw=8 ivcsw=9 minflt=1990
[rusage] mmap_anon_populate: user=0.042s sys=0.001s (children user=0.038s sys=0.000s) vcsw=8 ivcsw=7 minflt=3533
[rusage] mmap_file: user=0.041s sys=0.001s (children user=0.037s sys=0.000s) vcsw=8 ivcsw=9 minflt=1994
[rusage] shm: user=0.508s sys=1.039s (children user=0.493s sys=1.030s) vcsw=402928 ivcsw=2 minflt=1996
[rusage] mmap_anon: user=0.598s sys=1.015s (children user=0.462s sys=1.128s) vcsw=419257 ivcsw=3 minflt=1993
[rusage] mmap_anon_populate: user=0.563s sys=1.074s (children user=0.492s sys=1.109s) vcsw=419667 ivcsw=1 minflt=3531
[rusage] mmap_file: user=0.516s sys=1.107s (children user=0.463s sys=1.108s) vcsw=419884 ivcsw=1 minflt=1990
[rusage] mmap_file_msync_async: user=0.004s sys=0.002s (children user=0.004s sys=0.000s) vcsw=8 ivcsw=0 minflt=1229
[rusage] mmap_file_msync_sync: user=0.015s sys=0.104s (children user=0.722s sys=0.011s) vcsw=28068 ivcsw=1 minflt=43223
[rusage] pipe: user=0.543s sys=0.958s (children user=0.453s sys=1.012s) vcsw=419980 ivcsw=2 minflt=960
[rusage] fifo: user=0.555s sys=0.930s (children user=0.517s sys=0.957s) vcsw=419995 ivcsw=1 minflt=960
[rusage] socketpair: user=0.256s sys=1.445s (children user=0.145s sys=1.501s) vcsw=420067 ivcsw=0 minflt=959
[rusage] unix: user=0.263s sys=1.436s (children user=0.171s sys=1.506s) vcsw=420062 ivcsw=3 minflt=962
[rusage] tcp: user=0.211s sys=1.800s (children user=0.144s sys=1.831s) vcsw=419997 ivcsw=1 minflt=962
[rusage] mqueue: user=0.148s sys=0.280s (children user=0.113s sys=0.308s) vcsw=119985 ivcsw=0 minflt=371
[rusage] shm: user=0.036s sys=0.002s (children user=0.033s sys=0.000s) vcsw=8 ivcsw=9 minflt=1994
[rusage] mmap_anon: user=0.038s sys=0.001s (children user=0.034s sys=0.000s) vcsw=8 ivcsw=6 minflt=1995
[rusage] mmap_anon_populate: user=0.043s sys=0.001s (children user=0.039s sys=0.000s) vcsw=7 ivcsw=8 minflt=3529
[rusage] mmap_file: user=0.038s sys=0.002s (children user=0.035s sys=0.000s) vcsw=8 ivcsw=7 minflt=1991
[rusage] shm: user=0.571s sys=1.044s (children user=0.520s sys=1.051s) vcsw=418326 ivcsw=1 minflt=1995
[rusage] mmap_anon: user=0.466s sys=1.093s (children user=0.436s sys=1.097s) vcsw=413414 ivcsw=1 minflt=1994
[rusage] mmap_anon_populate: user=0.530s sys=1.056s (children user=0.444s sys=1.111s) vcsw=419456 ivcsw=3 minflt=3531
[rusage] mmap_file: user=0.578s sys=1.029s (children user=0.428s sys=1.135s) vcsw=419976 ivcsw=0 minflt=1990
[rusage] mmap_file_msync_async: user=0.002s sys=0.004s (children user=0.004s sys=0.000s) vcsw=8 ivcsw=0 minflt=1225
[rusage] mmap_file_msync_sync: user=0.011s sys=0.104s (children user=0.715s sys=0.004s) vcsw=28019 ivcsw=2 minflt=43224
[rusage] pipe: user=0.359s sys=1.238s (children user=0.268s sys=1.291s) vcsw=419981 ivcsw=4 minflt=962
[rusage] fifo: user=0.440s sys=1.153s (children user=0.328s sys=1.231s) vcsw=419987 ivcsw=1 minflt=959
[rusage] socketpair: user=0.231s sys=1.541s (children user=0.149s sys=1.537s) vcsw=420072 ivcsw=1 minflt=960
[rusage] unix: user=0.208s sys=1.562s (children user=0.157s sys=1.555s) vcsw=420116 ivcsw=4 minflt=959
[rusage] tcp: user=0.186s sys=1.899s (children user=0.147s sys=1.895s) vcsw=419999 ivcsw=1 minflt=961
[rusage] mqueue: user=0.058s sys=0.411s (children user=0.043s sys=0.413s) vcsw=119978 ivcsw=1 minflt=370
[rusage] shm: user=0.047s sys=0.003s (children user=0.043s sys=0.001s) vcsw=8 ivcsw=8 minflt=1997
[rusage] mmap_anon: user=0.046s sys=0.002s (children user=0.043s sys=0.000s) vcsw=8 ivcsw=9 minflt=1993
[rusage] mmap_anon_populate: user=0.048s sys=0.001s (children user=0.043s sys=0.000s) vcsw=8 ivcsw=9 minflt=3531
[rusage] mmap_file: user=0.047s sys=0.001s (children user=0.043s sys=0.000s) vcsw=7 ivcsw=9 minflt=1991
[rusage] shm: user=0.581s sys=1.057s (children user=0.464s sys=1.115s) vcsw=419959 ivcsw=1 minflt=1992
[rusage] mmap_anon: user=0.514s sys=1.097s (children user=0.455s sys=1.109s) vcsw=419956 ivcsw=1 minflt=1995
[rusage] mmap_anon_populate: user=0.587s sys=1.042s (children user=0.447s sys=1.122s) vcsw=419967 ivcsw=0 minflt=3528
[rusage] mmap_file: user=0.569s sys=1.063s (children user=0.448s sys=1.146s) vcsw=419949 ivcsw=0 minflt=1993
[rusage] mmap_file_msync_async: user=0.004s sys=0.002s (children user=0.005s sys=0.000s) vcsw=8 ivcsw=0 minflt=1228
[rusage] mmap_file_msync_sync: user=0.020s sys=0.108s (children user=0.724s sys=0.008s) vcsw=28005 ivcsw=1 minflt=57217
[rusage] pipe: user=0.008s sys=0.056s (children user=0.004s sys=0.060s) vcsw=34 ivcsw=9 minflt=178
[rusage] fifo: user=0.003s sys=0.059s (children user=0.000s sys=0.061s) vcsw=36 ivcsw=6 minflt=180
[rusage] socketpair: user=0.015s sys=0.063s (children user=0.006s sys=0.067s) vcsw=975 ivcsw=0 minflt=182
[rusage] unix: user=0.012s sys=0.058s (children user=0.012s sys=0.059s) vcsw=325 ivcsw=2 minflt=183
[rusage] tcp: user=0.010s sys=0.195s (children user=0.016s sys=0.123s) vcsw=15724 ivcsw=13 minflt=181
[rusage] shm: user=0.010s sys=0.001s (children user=0.010s sys=0.000s) vcsw=8 ivcsw=0 minflt=1289
[rusage] mmap_anon: user=0.009s sys=0.001s (children user=0.010s sys=0.000s) vcsw=9 ivcsw=0 minflt=1289
[rusage] mmap_anon_populate: user=0.011s sys=0.001s (children user=0.011s sys=0.000s) vcsw=9 ivcsw=8 minflt=2824
[rusage] mmap_file: user=0.010s sys=0.001s (children user=0.010s sys=0.000s) vcsw=9 ivcsw=0 minflt=1287
[rusage] pipe: user=0.004s sys=0.077s (children user=0.002s sys=0.075s) vcsw=12248 ivcsw=0 minflt=210
[rusage] fifo: user=0.005s sys=0.071s (children user=0.001s sys=0.073s) vcsw=12781 ivcsw=0 minflt=213
[rusage] socketpair: user=0.002s sys=0.036s (children user=0.000s sys=0.037s) vcsw=4086 ivcsw=0 minflt=213
[rusage] unix: user=0.001s sys=0.037s (children user=0.001s sys=0.036s) vcsw=3885 ivcsw=2 minflt=211
[rusage] tcp: user=0.000s sys=0.034s (children user=0.001s sys=0.026s) vcsw=1411 ivcsw=9 minflt=215
[rusage] shm: user=0.011s sys=0.001s (children user=0.011s sys=0.000s) vcsw=9 ivcsw=0 minflt=1320
[rusage] mmap_anon: user=0.011s sys=0.001s (children user=0.011s sys=0.000s) vcsw=9 ivcsw=7 minflt=1323
[rusage] mmap_anon_populate: user=0.009s sys=0.001s (children user=0.008s sys=0.001s) vcsw=9 ivcsw=0 minflt=2860
[rusage] mmap_file: user=0.009s sys=0.001s (children user=0.009s sys=0.000s) vcsw=9 ivcsw=0 minflt=1316
[rusage] pipe: user=0.000s sys=0.077s (children user=0.004s sys=0.082s) vcsw=16382 ivcsw=0 minflt=690
[rusage] fifo: user=0.002s sys=0.077s (children user=0.003s sys=0.084s) vcsw=16390 ivcsw=0 minflt=691
[rusage] socketpair: user=0.000s sys=0.036s (children user=0.003s sys=0.035s) vcsw=4428 ivcsw=0 minflt=693
[rusage] unix: user=0.000s sys=0.035s (children user=0.003s sys=0.034s) vcsw=4527 ivcsw=0 minflt=695
[rusage] tcp: user=0.000s sys=0.025s (children user=0.001s sys=0.020s) vcsw=557 ivcsw=6 minflt=693
[rusage] shm: user=0.010s sys=0.002s (children user=0.011s sys=0.000s) vcsw=9 ivcsw=8 minflt=1799
[rusage] mmap_anon: user=0.012s sys=0.000s (children user=0.011s sys=0.000s) vcsw=9 ivcsw=0 minflt=1799
[rusage] mmap_anon_populate: user=0.011s sys=0.002s (children user=0.012s sys=0.000s) vcsw=9 ivcsw=7 minflt=3338
[rusage] mmap_file: user=0.011s sys=0.001s (children user=0.010s sys=0.001s) vcsw=9 ivcsw=6 minflt=1794
[rusage] mqueue: user=0.001s sys=0.031s (children user=0.005s sys=0.027s) vcsw=5161 ivcsw=2 minflt=171
[rusage] mqueue: user=0.003s sys=0.009s (children user=0.001s sys=0.011s) vcsw=415 ivcsw=3 minflt=180
[rusage] pipe: user=0.528s sys=0.963s (children user=0.471s sys=0.988s) vcsw=419970 ivcsw=1 minflt=962
[rusage] fifo: user=0.554s sys=0.941s (children user=0.472s sys=1.018s) vcsw=419999 ivcsw=0 minflt=962
[rusage] socketpair: user=0.180s sys=1.509s (children user=0.124s sys=1.481s) vcsw=420185 ivcsw=2 minflt=958
[rusage] unix: user=0.179s sys=1.520s (children user=0.118s sys=1.478s) vcsw=420067 ivcsw=1 minflt=958
[rusage] tcp: user=0.233s sys=1.794s (children user=0.157s sys=1.833s) vcsw=419984 ivcsw=3 minflt=962
[rusage] mqueue: user=0.130s sys=0.274s (children user=0.137s sys=0.264s) vcsw=120005 ivcsw=0 minflt=370
[rusage] shm: user=0.042s sys=0.001s (children user=0.038s sys=0.000s) vcsw=8 ivcsw=8 minflt=1995
[rusage] mmap_anon: user=0.041s sys=0.002s (children user=0.038s sys=0.000s) vcsw=8 ivcsw=10 minflt=1994
[rusage] mmap_anon_populate: user=0.042s sys=0.001s (children user=0.038s sys=0.000s) vcsw=7 ivcsw=9 minflt=3531
[rusage] mmap_file: user=0.040s sys=0.002s (children user=0.037s sys=0.000s) vcsw=8 ivcsw=6 minflt=1990
[rusage] shm: user=0.489s sys=1.014s (children user=0.397s sys=1.078s) vcsw=416036 ivcsw=1 minflt=1994
[rusage] mmap_anon: user=0.499s sys=1.053s (children user=0.376s sys=1.149s) vcsw=419005 ivcsw=2 minflt=1994
[rusage] mmap_anon_populate: user=0.503s sys=1.105s (children user=0.440s sys=1.136s) vcsw=419868 ivcsw=1 minflt=3529
[rusage] mmap_file: user=0.491s sys=1.083s (children user=0.494s sys=1.045s) vcsw=412238 ivcsw=0 minflt=1990
[rusage] mmap_file_msync_async: user=0.003s sys=0.002s (children user=0.004s sys=0.000s) vcsw=8 ivcsw=0 minflt=1229
[rusage] mmap_file_msync_sync: user=0.016s sys=0.103s (children user=0.722s sys=0.007s) vcsw=28013 ivcsw=4 minflt=43229
[rusage] pipe: user=0.535s sys=0.990s (children user=0.487s sys=0.986s) vcsw=419984 ivcsw=3 minflt=962
[rusage] fifo: user=0.556s sys=0.968s (children user=0.490s sys=1.005s) vcsw=419958 ivcsw=5 minflt=958
[rusage] socketpair: user=0.175s sys=1.522s (children user=0.104s sys=1.488s) vcsw=420052 ivcsw=1 minflt=961
[rusage] unix: user=0.158s sys=1.540s (children user=0.146s sys=1.454s) vcsw=420096 ivcsw=1 minflt=959
[rusage] tcp: user=0.190s sys=1.845s (children user=0.116s sys=1.877s) vcsw=419991 ivcsw=3 minflt=960
[rusage] mqueue: user=0.128s sys=0.275s (children user=0.109s sys=0.288s) vcsw=119993 ivcsw=0 minflt=368
[rusage] shm: user=0.038s sys=0.005s (children user=0.037s sys=0.000s) vcsw=8 ivcsw=9 minflt=1995
[rusage] mmap_anon: user=0.041s sys=0.001s (children user=0.037s sys=0.000s) vcsw=7 ivcsw=10 minflt=1999
[rusage] mmap_anon_populate: user=0.041s sys=0.001s (children user=0.037s sys=0.000s) vcsw=7 ivcsw=13 minflt=3536
[rusage] mmap_file: user=0.040s sys=0.002s (children user=0.037s sys=0.000s) vcsw=7 ivcsw=7 minflt=1993
[rusage] shm: user=0.510s sys=1.029s (children user=0.403s sys=1.110s) vcsw=419147 ivcsw=1 minflt=1995
[rusage] mmap_anon: user=0.565s sys=1.031s (children user=0.453s sys=1.113s) vcsw=419975 ivcsw=2 minflt=1990
[rusage] mmap_anon_populate: user=0.541s sys=1.067s (children user=0.473s sys=1.112s) vcsw=419869 ivcsw=2 minflt=3527
[rusage] mmap_file: user=0.561s sys=1.062s (children user=0.432s sys=1.155s) vcsw=419942 ivcsw=3 minflt=1993
[rusage] mmap_file_msync_async: user=0.003s sys=0.003s (children user=0.004s sys=0.000s) vcsw=8 ivcsw=0 minflt=1228
[rusage] mmap_file_msync_sync: user=0.012s sys=0.132s (children user=0.790s sys=0.007s) vcsw=32190 ivcsw=1 minflt=43223
[rusage] pipe: user=0.506s sys=1.013s (children user=0.454s sys=1.040s) vcsw=419988 ivcsw=3 minflt=962
[rusage] fifo: user=0.555s sys=0.943s (children user=0.518s sys=0.966s) vcsw=419993 ivcsw=2 minflt=965
[rusage] socketpair: user=0.173s sys=1.539s (children user=0.135s sys=1.499s) vcsw=420065 ivcsw=0 minflt=959
[rusage] unix: user=0.200s sys=1.546s (children user=0.133s sys=1.497s) vcsw=420082 ivcsw=0 minflt=963
[rusage] tcp: user=0.235s sys=1.791s (children user=0.179s sys=1.801s) vcsw=419995 ivcsw=0 minflt=963
[rusage] mqueue: user=0.126s sys=0.293s (children user=0.069s sys=0.347s) vcsw=119996 ivcsw=1 minflt=370
[rusage] shm: user=0.043s sys=0.001s (children user=0.038s sys=0.001s) vcsw=8 ivcsw=7 minflt=1996
[rusage] mmap_anon: user=0.043s sys=0.001s (children user=0.039s sys=0.000s) vcsw=8 ivcsw=10 minflt=1994
[rusage] mmap_anon_populate: user=0.040s sys=0.003s (children user=0.038s sys=0.000s) vcsw=8 ivcsw=9 minflt=3528
[rusage] mmap_file: user=0.051s sys=0.003s (children user=0.045s sys=0.001s) vcsw=7 ivcsw=3 minflt=1989
[rusage] shm: user=0.553s sys=0.988s (children user=0.432s sys=1.073s) vcsw=411900 ivcsw=2 minflt=1991
[rusage] mmap_anon: user=0.502s sys=1.062s (children user=0.447s sys=1.087s) vcsw=418877 ivcsw=3 minflt=1996
[rusage] mmap_anon_populate: user=0.523s sys=1.018s (children user=0.387s sys=1.124s) vcsw=419976 ivcsw=4 minflt=3533
[rusage] mmap_file: user=0.534s sys=1.091s (children user=0.481s sys=1.098s) vcsw=419972 ivcsw=1 minflt=1993
[rusage] mmap_file_msync_async: user=0.002s sys=0.003s (children user=0.004s sys=0.000s) vcsw=8 ivcsw=0 minflt=1227
[rusage] mmap_file_msync_sync: user=0.016s sys=0.109s (children user=0.746s sys=0.011s) vcsw=28196 ivcsw=1 minflt=43223
[rusage] pipe: user=0.379s sys=1.213s (children user=0.282s sys=1.266s) vcsw=419973 ivcsw=4 minflt=962
[rusage] fifo: user=0.296s sys=1.292s (children user=0.350s sys=1.204s) vcsw=419994 ivcsw=2 minflt=960
[rusage] socketpair: user=0.255s sys=1.514s (children user=0.133s sys=1.562s) vcsw=420065 ivcsw=5 minflt=962
[rusage] unix: user=0.210s sys=1.545s (children user=0.178s sys=1.517s) vcsw=420105 ivcsw=5 minflt=965
[rusage] tcp: user=0.212s sys=1.886s (children user=0.167s sys=1.886s) vcsw=419995 ivcsw=1 minflt=966
[rusage] mqueue: user=0.075s sys=0.394s (children user=0.033s sys=0.429s) vcsw=120003 ivcsw=0 minflt=368
[rusage] shm: user=0.048s sys=0.002s (children user=0.044s sys=0.000s) vcsw=8 ivcsw=8 minflt=1995
[rusage] mmap_anon: user=0.048s sys=0.000s (children user=0.043s sys=0.000s) vcsw=8 ivcsw=9 minflt=1995
[rusage] mmap_anon_populate: user=0.047s sys=0.001s (children user=0.042s sys=0.000s) vcsw=7 ivcsw=8 minflt=3534
[rusage] mmap_file: user=0.047s sys=0.001s (children user=0.043s sys=0.000s) vcsw=8 ivcsw=8 minflt=1993
[rusage] shm: user=0.508s sys=1.080s (children user=0.415s sys=1.121s) vcsw=419951 ivcsw=4 minflt=1999
[rusage] mmap_anon: user=0.551s sys=1.042s (children user=0.475s sys=1.078s) vcsw=419893 ivcsw=0 minflt=1994
[rusage] mmap_anon_populate: user=0.487s sys=1.126s (children user=0.465s sys=1.103s) vcsw=419991 ivcsw=0 minflt=3531
[rusage] mmap_file: user=0.575s sys=1.052s (children user=0.470s sys=1.096s) vcsw=419973 ivcsw=0 minflt=1992
[rusage] mmap_file_msync_async: user=0.006s sys=0.000s (children user=0.005s sys=0.000s) vcsw=7 ivcsw=0 minflt=1228
[rusage] mmap_file_msync_sync: user=0.016s sys=0.116s (children user=0.740s sys=0.005s) vcsw=28011 ivcsw=1 minflt=57223
[rusage] pipe: user=0.005s sys=0.055s (children user=0.008s sys=0.052s) vcsw=31 ivcsw=7 minflt=179
[rusage] fifo: user=0.007s sys=0.053s (children user=0.005s sys=0.055s) vcsw=39 ivcsw=8 minflt=181
[rusage] socketpair: user=0.008s sys=0.065s (children user=0.005s sys=0.067s) vcsw=1088 ivcsw=0 minflt=179
[rusage] unix: user=0.009s sys=0.060s (children user=0.009s sys=0.062s) vcsw=645 ivcsw=1 minflt=178
[rusage] tcp: user=0.009s sys=0.194s (children user=0.013s sys=0.127s) vcsw=15042 ivcsw=10 minflt=182
[rusage] shm: user=0.010s sys=0.001s (children user=0.010s sys=0.000s) vcsw=9 ivcsw=0 minflt=1291
[rusage] mmap_anon: user=0.009s sys=0.002s (children user=0.010s sys=0.000s) vcsw=9 ivcsw=0 minflt=1293
[rusage] mmap_anon_populate: user=0.010s sys=0.001s (children user=0.010s sys=0.000s) vcsw=9 ivcsw=0 minflt=2828
[rusage] mmap_file: user=0.010s sys=0.001s (children user=0.010s sys=0.000s) vcsw=9 ivcsw=0 minflt=1291
[rusage] pipe: user=0.001s sys=0.080s (children user=0.000s sys=0.077s) vcsw=11187 ivcsw=0 minflt=208
[rusage] fifo: user=0.005s sys=0.077s (children user=0.003s sys=0.080s) vcsw=15263 ivcsw=0 minflt=209
[rusage] socketpair: user=0.003s sys=0.035s (children user=0.000s sys=0.038s) vcsw=4110 ivcsw=2 minflt=209
[rusage] unix: user=0.002s sys=0.036s (children user=0.003s sys=0.035s) vcsw=4133 ivcsw=1 minflt=214
[rusage] tcp: user=0.001s sys=0.034s (children user=0.000s sys=0.028s) vcsw=1417 ivcsw=10 minflt=210
[rusage] shm: user=0.011s sys=0.001s (children user=0.011s sys=0.000s) vcsw=9 ivcsw=8 minflt=1322
[rusage] mmap_anon: user=0.010s sys=0.000s (children user=0.009s sys=0.000s) vcsw=9 ivcsw=0 minflt=1318
[rusage] mmap_anon_populate: user=0.009s sys=0.001s (children user=0.009s sys=0.000s) vcsw=9 ivcsw=0 minflt=2856
[rusage] mmap_file: user=0.010s sys=0.000s (children user=0.009s sys=0.000s) vcsw=9 ivcsw=0 minflt=1317
[rusage] pipe: user=0.001s sys=0.078s (children user=0.007s sys=0.082s) vcsw=16386 ivcsw=0 minflt=692
[rusage] fifo: user=0.001s sys=0.079s (children user=0.004s sys=0.083s) vcsw=16389 ivcsw=1 minflt=686
[rusage] socketpair: user=0.000s sys=0.034s (children user=0.000s sys=0.037s) vcsw=4609 ivcsw=0 minflt=693
[rusage] unix: user=0.000s sys=0.034s (children user=0.002s sys=0.034s) vcsw=4554 ivcsw=0 minflt=688
[rusage] tcp: user=0.000s sys=0.024s (children user=0.000s sys=0.020s) vcsw=524 ivcsw=7 minflt=694
[rusage] shm: user=0.013s sys=0.000s (children user=0.012s sys=0.000s) vcsw=9 ivcsw=9 minflt=1798
[rusage] mmap_anon: user=0.012s sys=0.000s (children user=0.011s sys=0.000s) vcsw=9 ivcsw=6 minflt=1801
[rusage] mmap_anon_populate: user=0.011s sys=0.002s (children user=0.012s sys=0.000s) vcsw=8 ivcsw=8 minflt=3337
[rusage] mmap_file: user=0.011s sys=0.001s (children user=0.010s sys=0.001s) vcsw=9 ivcsw=0 minflt=1794
[rusage] mqueue: user=0.003s sys=0.025s (children user=0.004s sys=0.025s) vcsw=5044 ivcsw=0 minflt=174
[rusage] mqueue: user=0.002s sys=0.011s (children user=0.001s sys=0.011s) vcsw=411 ivcsw=3 minflt=180
[rusage] pipe: user=0.580s sys=0.943s (children user=0.489s sys=0.991s) vcsw=419978 ivcsw=0 minflt=963
[rusage] fifo: user=0.536s sys=0.981s (children user=0.488s sys=0.993s) vcsw=419983 ivcsw=1 minflt=959
[rusage] socketpair: user=0.197s sys=1.526s (children user=0.129s sys=1.484s) vcsw=420064 ivcsw=1 minflt=959
[rusage] unix: user=0.193s sys=1.497s (children user=0.139s sys=1.457s) vcsw=420066 ivcsw=3 minflt=957
[rusage] tcp: user=0.238s sys=1.797s (children user=0.152s sys=1.829s) vcsw=419990 ivcsw=3 minflt=961
[rusage] mqueue: user=0.142s sys=0.273s (children user=0.104s sys=0.304s) vcsw=119984 ivcsw=1 minflt=366
[rusage] shm: user=0.042s sys=0.001s (children user=0.038s sys=0.000s) vcsw=8 ivcsw=8 minflt=1992
[rusage] mmap_anon: user=0.065s sys=0.005s (children user=0.065s sys=0.001s) vcsw=8 ivcsw=7 minflt=1994
[rusage] mmap_anon_populate: user=0.043s sys=0.001s (children user=0.038s sys=0.000s) vcsw=8 ivcsw=9 minflt=3529
[rusage] mmap_file: user=0.042s sys=0.001s (children user=0.038s sys=0.000s) vcsw=8 ivcsw=8 minflt=1992
[rusage] shm: user=0.483s sys=1.067s (children user=0.481s sys=1.043s) vcsw=418187 ivcsw=3 minflt=1993
[rusage] mmap_anon: user=0.562s sys=1.008s (children user=0.406s sys=1.121s) vcsw=419296 ivcsw=2 minflt=1996
[rusage] mmap_anon_populate: user=0.514s sys=1.080s (children user=0.459s sys=1.107s) vcsw=419980 ivcsw=2 minflt=3530
[rusage] mmap_file: user=0.504s sys=1.076s (children user=0.419s sys=1.135s) vcsw=419549 ivcsw=1 minflt=1989
[rusage] mmap_file_msync_async: user=0.002s sys=0.003s (children user=0.004s sys=0.000s) vcsw=8 ivcsw=0 minflt=1230
[rusage] mmap_file_msync_sync: user=0.011s sys=0.111s (children user=0.732s sys=0.008s) vcsw=28031 ivcsw=1 minflt=43218
[rusage] pipe: user=0.488s sys=0.995s (children user=0.497s sys=0.956s) vcsw=419983 ivcsw=2 minflt=958
[rusage] fifo: user=0.525s sys=0.969s (children user=0.455s sys=1.004s) vcsw=419995 ivcsw=0 minflt=955
[rusage] socketpair: user=0.172s sys=1.577s (children user=0.143s sys=1.476s) vcsw=420153 ivcsw=1 minflt=958
[rusage] unix: user=0.214s sys=1.483s (children user=0.139s sys=1.507s) vcsw=420085 ivcsw=1 minflt=958
[rusage] tcp: user=0.225s sys=1.808s (children user=0.143s sys=1.843s) vcsw=419953 ivcsw=2 minflt=962
[rusage] mqueue: user=0.135s sys=0.271s (children user=0.128s sys=0.273s) vcsw=119993 ivcsw=0 minflt=366
[rusage] shm: user=0.041s sys=0.001s (children user=0.037s sys=0.000s) vcsw=8 ivcsw=9 minflt=1996
[rusage] mmap_anon: user=0.043s sys=0.001s (children user=0.038s sys=0.000s) vcsw=8 ivcsw=8 minflt=1993
[rusage] mmap_anon_populate: user=0.041s sys=0.002s (children user=0.037s sys=0.000s) vcsw=8 ivcsw=7 minflt=3533
[rusage] mmap_file: user=0.041s sys=0.002s (children user=0.037s sys=0.000s) vcsw=8 ivcsw=9 minflt=1991
[rusage] shm: user=0.439s sys=1.080s (children user=0.381s sys=1.122s) vcsw=413034 ivcsw=2 minflt=1995
[rusage] mmap_anon: user=0.518s sys=1.030s (children user=0.409s sys=1.092s) vcsw=416987 ivcsw=0 minflt=1994
[rusage] mmap_anon_populate: user=0.515s sys=1.024s (children user=0.372s sys=1.142s) vcsw=418363 ivcsw=1 minflt=3532
[rusage] mmap_file: user=0.563s sys=1.055s (children user=0.437s sys=1.151s) vcsw=419717 ivcsw=3 minflt=1991
[rusage] mmap_file_msync_async: user=0.001s sys=0.005s (children user=0.004s sys=0.000s) vcsw=8 ivcsw=0 minflt=1231
[rusage] mmap_file_msync_sync: user=0.020s sys=0.099s (children user=0.723s sys=0.010s) vcsw=28041 ivcsw=1 minflt=43222
[rusage] pipe: user=0.484s sys=1.018s (children user=0.496s sys=0.978s) vcsw=419968 ivcsw=3 minflt=961
[rusage] fifo: user=0.508s sys=1.036s (children user=0.499s sys=1.005s) vcsw=419995 ivcsw=0 minflt=957
[rusage] socketpair: user=0.190s sys=1.526s (children user=0.121s sys=1.538s) vcsw=420091 ivcsw=3 minflt=958
[rusage] unix: user=0.201s sys=1.514s (children user=0.119s sys=1.519s) vcsw=420093 ivcsw=1 minflt=961
[rusage] tcp: user=0.246s sys=1.772s (children user=0.171s sys=1.803s) vcsw=420002 ivcsw=5 minflt=964
[rusage] mqueue: user=0.139s sys=0.276s (children user=0.133s sys=0.280s) vcsw=120006 ivcsw=0 minflt=365
[rusage] shm: user=0.036s sys=0.001s (children user=0.032s sys=0.000s) vcsw=8 ivcsw=8 minflt=1995
[rusage] mmap_anon: user=0.038s sys=0.001s (children user=0.034s sys=0.000s) vcsw=8 ivcsw=9 minflt=1992
[rusage] mmap_anon_populate: user=0.044s sys=0.001s (children user=0.039s sys=0.000s) vcsw=8 ivcsw=10 minflt=3529
[rusage] mmap_file: user=0.041s sys=0.003s (children user=0.039s sys=0.000s) vcsw=8 ivcsw=6 minflt=1991
[rusage] shm: user=0.503s sys=1.078s (children user=0.411s sys=1.113s) vcsw=419714 ivcsw=2 minflt=1995
[rusage] mmap_anon: user=0.511s sys=1.023s (children user=0.391s sys=1.120s) vcsw=419976 ivcsw=1 minflt=1994
[rusage] mmap_anon_populate: user=0.495s sys=1.042s (children user=0.440s sys=1.093s) vcsw=419986 ivcsw=0 minflt=3530
[rusage] mmap_file: user=0.539s sys=1.049s (children user=0.462s sys=1.098s) vcsw=419956 ivcsw=2 minflt=1992
[rusage] mmap_file_msync_async: user=0.004s sys=0.002s (children user=0.004s sys=0.000s) vcsw=8 ivcsw=0 minflt=1230
[rusage] mmap_file_msync_sync: user=0.012s sys=0.110s (children user=0.724s sys=0.007s) vcsw=28079 ivcsw=2 minflt=43223
[rusage] pipe: user=0.300s sys=1.294s (children user=0.262s sys=1.294s) vcsw=419943 ivcsw=2 minflt=963
[rusage] fifo: user=0.399s sys=1.170s (children user=0.346s sys=1.205s) vcsw=419987 ivcsw=3 minflt=959
[rusage] socketpair: user=0.228s sys=1.532s (children user=0.177s sys=1.519s) vcsw=420091 ivcsw=3 minflt=961
[rusage] unix: user=0.234s sys=1.514s (children user=0.170s sys=1.505s) vcsw=420084 ivcsw=2 minflt=963
[rusage] tcp: user=0.189s sys=1.889s (children user=0.146s sys=1.902s) vcsw=419993 ivcsw=1 minflt=965
[rusage] mqueue: user=0.062s sys=0.389s (children user=0.045s sys=0.396s) vcsw=120001 ivcsw=0 minflt=369
[rusage] shm: user=0.048s sys=0.000s (children user=0.043s sys=0.000s) vcsw=8 ivcsw=7 minflt=1995
[rusage] mmap_anon: user=0.046s sys=0.002s (children user=0.042s sys=0.000s) vcsw=8 ivcsw=7 minflt=1994
[rusage] mmap_anon_populate: user=0.048s sys=0.001s (children user=0.042s sys=0.001s) vcsw=8 ivcsw=9 minflt=3529
[rusage] mmap_file: user=0.047s sys=0.001s (children user=0.042s sys=0.000s) vcsw=7 ivcsw=7 minflt=1991
[rusage] shm: user=0.579s sys=1.017s (children user=0.440s sys=1.123s) vcsw=419942 ivcsw=1 minflt=1994
[rusage] mmap_anon: user=0.546s sys=1.036s (children user=0.426s sys=1.128s) vcsw=419993 ivcsw=1 minflt=1994
[rusage] mmap_anon_populate: user=0.541s sys=1.045s (children user=0.435s sys=1.125s) vcsw=419952 ivcsw=1 minflt=3527
[rusage] mmap_file: user=0.563s sys=1.037s (children user=0.410s sys=1.129s) vcsw=419940 ivcsw=0 minflt=1991
[rusage] mmap_file_msync_async: user=0.003s sys=0.003s (children user=0.005s sys=0.000s) vcsw=7 ivcsw=0 minflt=1230
[rusage] mmap_file_msync_sync: user=0.016s sys=0.120s (children user=0.761s sys=0.014s) vcsw=28030 ivcsw=3 minflt=57214
[rusage] pipe: user=0.013s sys=0.049s (children user=0.006s sys=0.055s) vcsw=32 ivcsw=10 minflt=177
[rusage] fifo: user=0.008s sys=0.053s (children user=0.010s sys=0.051s) vcsw=32 ivcsw=9 minflt=182
[rusage] socketpair: user=0.007s sys=0.067s (children user=0.018s sys=0.055s) vcsw=1054 ivcsw=0 minflt=181
[rusage] unix: user=0.014s sys=0.055s (children user=0.009s sys=0.062s) vcsw=457 ivcsw=0 minflt=183
[rusage] tcp: user=0.005s sys=0.200s (children user=0.007s sys=0.134s) vcsw=15074 ivcsw=8 minflt=183
[rusage] shm: user=0.012s sys=0.000s (children user=0.012s sys=0.000s) vcsw=9 ivcsw=7 minflt=1288
[rusage] mmap_anon: user=0.009s sys=0.002s (children user=0.010s sys=0.000s) vcsw=9 ivcsw=0 minflt=1288
[rusage] mmap_anon_populate: user=0.012s sys=0.001s (children user=0.011s sys=0.001s) vcsw=9 ivcsw=5 minflt=2830
[rusage] mmap_file: user=0.012s sys=0.001s (children user=0.012s sys=0.000s) vcsw=9 ivcsw=7 minflt=1287
[rusage] pipe: user=0.005s sys=0.077s (children user=0.000s sys=0.079s) vcsw=11449 ivcsw=0 minflt=209
[rusage] fifo: user=0.002s sys=0.074s (children user=0.005s sys=0.069s) vcsw=11130 ivcsw=1 minflt=211
[rusage] socketpair: user=0.002s sys=0.036s (children user=0.003s sys=0.034s) vcsw=3979 ivcsw=1 minflt=214
[rusage] unix: user=0.000s sys=0.036s (children user=0.001s sys=0.036s) vcsw=3803 ivcsw=4 minflt=208
[rusage] tcp: user=0.000s sys=0.035s (children user=0.001s sys=0.027s) vcsw=1392 ivcsw=8 minflt=214
[rusage] shm: user=0.011s sys=0.001s (children user=0.011s sys=0.000s) vcsw=9 ivcsw=0 minflt=1323
[rusage] mmap_anon: user=0.011s sys=0.001s (children user=0.011s sys=0.000s) vcsw=9 ivcsw=0 minflt=1324
[rusage] mmap_anon_populate: user=0.009s sys=0.002s (children user=0.009s sys=0.000s) vcsw=9 ivcsw=0 minflt=2857
[rusage] mmap_file: user=0.009s sys=0.001s (children user=0.009s sys=0.000s) vcsw=9 ivcsw=0 minflt=1320
[rusage] pipe: user=0.002s sys=0.075s (children user=0.001s sys=0.086s) vcsw=16383 ivcsw=0 minflt=687
[rusage] fifo: user=0.000s sys=0.084s (children user=0.004s sys=0.082s) vcsw=16392 ivcsw=0 minflt=688
[rusage] socketpair: user=0.000s sys=0.034s (children user=0.000s sys=0.036s) vcsw=4421 ivcsw=0 minflt=691
[rusage] unix: user=0.000s sys=0.030s (children user=0.000s sys=0.032s) vcsw=3799 ivcsw=0 minflt=693
[rusage] tcp: user=0.000s sys=0.024s (children user=0.001s sys=0.019s) vcsw=545 ivcsw=6 minflt=693
[rusage] shm: user=0.011s sys=0.001s (children user=0.011s sys=0.000s) vcsw=9 ivcsw=8 minflt=1799
[rusage] mmap_anon: user=0.012s sys=0.000s (children user=0.011s sys=0.001s) vcsw=9 ivcsw=7 minflt=1796
[rusage] mmap_anon_populate: user=0.011s sys=0.002s (children user=0.012s sys=0.000s) vcsw=9 ivcsw=0 minflt=3337
[rusage] mmap_file: user=0.011s sys=0.001s (children user=0.011s sys=0.000s) vcsw=9 ivcsw=0 minflt=1794
[rusage] mqueue: user=0.007s sys=0.024s (children user=0.003s sys=0.027s) vcsw=4285 ivcsw=0 minflt=180
[rusage] mqueue: user=0.002s sys=0.009s (children user=0.001s sys=0.011s) vcsw=263 ivcsw=3 minflt=178
[rusage] pipe: user=0.533s sys=0.988s (children user=0.446s sys=1.042s) vcsw=419973 ivcsw=2 minflt=958
[rusage] fifo: user=0.545s sys=0.986s (children user=0.507s sys=0.996s) vcsw=419997 ivcsw=0 minflt=958
[rusage] socketpair: user=0.184s sys=1.519s (children user=0.123s sys=1.502s) vcsw=420054 ivcsw=2 minflt=960
[rusage] unix: user=0.222s sys=1.493s (children user=0.134s sys=1.511s) vcsw=420224 ivcsw=1 minflt=961
[rusage] tcp: user=0.207s sys=1.816s (children user=0.135s sys=1.856s) vcsw=419994 ivcsw=6 minflt=960
[rusage] mqueue: user=0.130s sys=0.281s (children user=0.116s sys=0.290s) vcsw=119971 ivcsw=0 minflt=372
[rusage] shm: user=0.044s sys=0.001s (children user=0.040s sys=0.000s) vcsw=7 ivcsw=9 minflt=1997
[rusage] mmap_anon: user=0.045s sys=0.000s (children user=0.040s sys=0.000s) vcsw=8 ivcsw=9 minflt=1993
[rusage] mmap_anon_populate: user=0.042s sys=0.002s (children user=0.038s sys=0.000s) vcsw=8 ivcsw=8 minflt=3532
[rusage] mmap_file: user=0.043s sys=0.001s (children user=0.039s sys=0.000s) vcsw=7 ivcsw=7 minflt=1994
[rusage] shm: user=0.549s sys=1.059s (children user=0.423s sys=1.160s) vcsw=419670 ivcsw=2 minflt=1996
[rusage] mmap_anon: user=0.490s sys=1.044s (children user=0.377s sys=1.132s) vcsw=415993 ivcsw=1 minflt=1994
[rusage] mmap_anon_populate: user=0.479s sys=1.070s (children user=0.416s sys=1.106s) vcsw=417686 ivcsw=1 minflt=3528
[rusage] mmap_file: user=0.449s sys=1.124s (children user=0.406s sys=1.139s) vcsw=419872 ivcsw=5 minflt=1991
[rusage] mmap_file_msync_async: user=0.003s sys=0.002s (children user=0.004s sys=0.000s) vcsw=8 ivcsw=0 minflt=1228
[rusage] mmap_file_msync_sync: user=0.011s sys=0.110s (children user=0.736s sys=0.007s) vcsw=28018 ivcsw=0 minflt=43219
[rusage] pipe: user=0.499s sys=0.959s (children user=0.477s sys=0.970s) vcsw=419981 ivcsw=2 minflt=958
[rusage] fifo: user=0.479s sys=0.959s (children user=0.417s sys=1.009s) vcsw=419945 ivcsw=1 minflt=961
[rusage] socketpair: user=0.187s sys=1.560s (children user=0.129s sys=1.484s) vcsw=420070 ivcsw=0 minflt=961
[rusage] unix: user=0.177s sys=1.509s (children user=0.147s sys=1.425s) vcsw=420136 ivcsw=1 minflt=963
[rusage] tcp: user=0.168s sys=1.809s (children user=0.133s sys=1.820s) vcsw=419987 ivcsw=5 minflt=964
[rusage] mqueue: user=0.119s sys=0.267s (children user=0.095s sys=0.285s) vcsw=119946 ivcsw=0 minflt=365
[rusage] shm: user=0.041s sys=0.003s (children user=0.039s sys=0.000s) vcsw=8 ivcsw=8 minflt=1994
[rusage] mmap_anon: user=0.043s sys=0.000s (children user=0.038s sys=0.000s) vcsw=8 ivcsw=8 minflt=1994
[rusage] mmap_anon_populate: user=0.041s sys=0.002s (children user=0.038s sys=0.000s) vcsw=7 ivcsw=8 minflt=3529
[rusage] mmap_file: user=0.040s sys=0.002s (children user=0.037s sys=0.000s) vcsw=8 ivcsw=8 minflt=1992
[rusage] shm: user=0.503s sys=1.082s (children user=0.463s sys=1.083s) vcsw=417422 ivcsw=0 minflt=1995
[rusage] mmap_anon: user=0.464s sys=1.089s (children user=0.368s sys=1.150s) vcsw=415862 ivcsw=5 minflt=1995
[rusage] mmap_anon_populate: user=0.517s sys=1.080s (children user=0.478s sys=1.068s) vcsw=418530 ivcsw=1 minflt=3528
[rusage] mmap_file: user=0.542s sys=1.028s (children user=0.465s sys=1.082s) vcsw=419967 ivcsw=1 minflt=1992
[rusage] mmap_file_msync_async: user=0.003s sys=0.002s (children user=0.004s sys=0.000s) vcsw=8 ivcsw=0 minflt=1224
[rusage] mmap_file_msync_sync: user=0.015s sys=0.103s (children user=0.717s sys=0.010s) vcsw=28026 ivcsw=0 minflt=43227
[rusage] pipe: user=0.579s sys=0.870s (children user=0.445s sys=0.991s) vcsw=419953 ivcsw=0 minflt=964
[rusage] fifo: user=0.533s sys=0.958s (children user=0.509s sys=0.969s) vcsw=419986 ivcsw=3 minflt=959
[rusage] socketpair: user=0.217s sys=1.461s (children user=0.139s sys=1.438s) vcsw=420222 ivcsw=1 minflt=960
[rusage] unix: user=0.211s sys=1.497s (children user=0.107s sys=1.535s) vcsw=420063 ivcsw=3 minflt=963
[rusage] tcp: user=0.190s sys=1.827s (children user=0.149s sys=1.831s) vcsw=419982 ivcsw=3 minflt=962
[rusage] mqueue: user=0.131s sys=0.276s (children user=0.130s sys=0.272s) vcsw=120004 ivcsw=0 minflt=369
[rusage] shm: user=0.037s sys=0.001s (children user=0.032s sys=0.001s) vcsw=8 ivcsw=7 minflt=1997
[rusage] mmap_anon: user=0.040s sys=0.002s (children user=0.037s sys=0.000s) vcsw=8 ivcsw=7 minflt=1995
[rusage] mmap_anon_populate: user=0.038s sys=0.002s (children user=0.034s sys=0.000s) vcsw=8 ivcsw=9 minflt=3533
[rusage] mmap_file: user=0.038s sys=0.001s (children user=0.033s sys=0.000s) vcsw=8 ivcsw=8 minflt=1992
[rusage] shm: user=0.538s sys=1.074s (children user=0.464s sys=1.112s) vcsw=419946 ivcsw=2 minflt=1997
[rusage] mmap_anon: user=0.533s sys=1.069s (children user=0.502s sys=1.061s) vcsw=419643 ivcsw=2 minflt=1993
[rusage] mmap_anon_populate: user=0.496s sys=1.107s (children user=0.450s sys=1.110s) vcsw=418968 ivcsw=3 minflt=3531
[rusage] mmap_file: user=0.563s sys=1.026s (children user=0.463s sys=1.088s) vcsw=419996 ivcsw=0 minflt=1992
[rusage] mmap_file_msync_async: user=0.003s sys=0.003s (children user=0.003s sys=0.001s) vcsw=8 ivcsw=0 minflt=1229
[rusage] mmap_file_msync_sync: user=0.011s sys=0.114s (children user=0.738s sys=0.011s) vcsw=28058 ivcsw=3 minflt=43224
[rusage] pipe: user=0.403s sys=1.155s (children user=0.367s sys=1.180s) vcsw=419970 ivcsw=1 minflt=964
[rusage] fifo: user=0.403s sys=1.190s (children user=0.372s sys=1.198s) vcsw=419949 ivcsw=2 minflt=962
[rusage] socketpair: user=0.253s sys=1.519s (children user=0.171s sys=1.511s) vcsw=420103 ivcsw=3 minflt=963
[rusage] unix: user=0.212s sys=1.555s (children user=0.167s sys=1.516s) vcsw=420118 ivcsw=1 minflt=961
[rusage] tcp: user=0.198s sys=1.889s (children user=0.142s sys=1.914s) vcsw=420003 ivcsw=3 minflt=962
[rusage] mqueue: user=0.056s sys=0.412s (children user=0.031s sys=0.427s) vcsw=119999 ivcsw=1 minflt=372
[rusage] shm: user=0.047s sys=0.002s (children user=0.043s sys=0.000s) vcsw=8 ivcsw=8 minflt=1993
[rusage] mmap_anon: user=0.048s sys=0.002s (children user=0.044s sys=0.000s) vcsw=8 ivcsw=8 minflt=1993
[rusage] mmap_anon_populate: user=0.048s sys=0.002s (children user=0.044s sys=0.000s) vcsw=8 ivcsw=6 minflt=3533
[rusage] mmap_file: user=0.047s sys=0.001s (children user=0.043s sys=0.000s) vcsw=7 ivcsw=7 minflt=1992
[rusage] shm: user=0.542s sys=1.070s (children user=0.485s sys=1.088s) vcsw=419996 ivcsw=1 minflt=1996
[rusage] mmap_anon: user=0.571s sys=1.020s (children user=0.473s sys=1.077s) vcsw=419968 ivcsw=0 minflt=1995
[rusage] mmap_anon_populate: user=0.562s sys=1.052s (children user=0.425s sys=1.131s) vcsw=419932 ivcsw=1 minflt=3531
[rusage] mmap_file: user=0.527s sys=1.079s (children user=0.398s sys=1.144s) vcsw=419902 ivcsw=2 minflt=1991
[rusage] mmap_file_msync_async: user=0.004s sys=0.002s (children user=0.005s sys=0.000s) vcsw=8 ivcsw=0 minflt=1226
[rusage] mmap_file_msync_sync: user=0.030s sys=0.109s (children user=0.819s sys=0.017s) vcsw=28091 ivcsw=3 minflt=57216
[rusage] pipe: user=0.007s sys=0.057s (children user=0.007s sys=0.057s) vcsw=39 ivcsw=7 minflt=182
[rusage] fifo: user=0.009s sys=0.054s (children user=0.011s sys=0.051s) vcsw=27 ivcsw=7 minflt=180
[rusage] socketpair: user=0.012s sys=0.065s (children user=0.009s sys=0.065s) vcsw=750 ivcsw=1 minflt=182
[rusage] unix: user=0.018s sys=0.055s (children user=0.008s sys=0.066s) vcsw=260 ivcsw=0 minflt=182
[rusage] tcp: user=0.011s sys=0.193s (children user=0.015s sys=0.125s) vcsw=15212 ivcsw=8 minflt=187
[rusage] shm: user=0.010s sys=0.001s (children user=0.010s sys=0.000s) vcsw=9 ivcsw=7 minflt=1290
[rusage] mmap_anon: user=0.010s sys=0.001s (children user=0.011s sys=0.000s) vcsw=9 ivcsw=0 minflt=1289
[rusage] mmap_anon_populate: user=0.011s sys=0.001s (children user=0.010s sys=0.001s) vcsw=9 ivcsw=6 minflt=2828
[rusage] mmap_file: user=0.012s sys=0.001s (children user=0.011s sys=0.001s) vcsw=9 ivcsw=6 minflt=1288
[rusage] pipe: user=0.004s sys=0.080s (children user=0.007s sys=0.074s) vcsw=14143 ivcsw=0 minflt=212
[rusage] fifo: user=0.003s sys=0.072s (children user=0.001s sys=0.078s) vcsw=14457 ivcsw=0 minflt=210
[rusage] socketpair: user=0.005s sys=0.032s (children user=0.003s sys=0.034s) vcsw=3973 ivcsw=0 minflt=209
[rusage] unix: user=0.001s sys=0.036s (children user=0.003s sys=0.034s) vcsw=3806 ivcsw=5 minflt=213
[rusage] tcp: user=0.000s sys=0.034s (children user=0.001s sys=0.026s) vcsw=1389 ivcsw=8 minflt=215
[rusage] shm: user=0.009s sys=0.002s (children user=0.008s sys=0.001s) vcsw=8 ivcsw=0 minflt=1320
[rusage] mmap_anon: user=0.009s sys=0.001s (children user=0.009s sys=0.000s) vcsw=9 ivcsw=0 minflt=1321
[rusage] mmap_anon_populate: user=0.011s sys=0.000s (children user=0.009s sys=0.000s) vcsw=9 ivcsw=0 minflt=2859
[rusage] mmap_file: user=0.009s sys=0.001s (children user=0.009s sys=0.000s) vcsw=9 ivcsw=0 minflt=1319
[rusage] pipe: user=0.000s sys=0.080s (children user=0.003s sys=0.080s) vcsw=16370 ivcsw=0 minflt=688
[rusage] fifo: user=0.000s sys=0.076s (children user=0.006s sys=0.081s) vcsw=16389 ivcsw=0 minflt=692
[rusage] socketpair: user=0.000s sys=0.033s (children user=0.000s sys=0.035s) vcsw=4371 ivcsw=2 minflt=693
[rusage] unix: user=0.000s sys=0.034s (children user=0.000s sys=0.035s) vcsw=4430 ivcsw=0 minflt=693
[rusage] tcp: user=0.000s sys=0.024s (children user=0.000s sys=0.020s) vcsw=573 ivcsw=6 minflt=692
[rusage] shm: user=0.011s sys=0.001s (children user=0.011s sys=0.000s) vcsw=9 ivcsw=8 minflt=1799
[rusage] mmap_anon: user=0.011s sys=0.001s (children user=0.010s sys=0.001s) vcsw=9 ivcsw=2 minflt=1799
[rusage] mmap_anon_populate: user=0.011s sys=0.002s (children user=0.011s sys=0.000s) vcsw=9 ivcsw=6 minflt=3338
[rusage] mmap_file: user=0.010s sys=0.002s (children user=0.010s sys=0.001s) vcsw=9 ivcsw=1 minflt=1798
[rusage] mqueue: user=0.000s sys=0.029s (children user=0.000s sys=0.030s) vcsw=5281 ivcsw=1 minflt=176
[rusage] mqueue: user=0.002s sys=0.010s (children user=0.001s sys=0.011s) vcsw=293 ivcsw=2 minflt=177
[rusage] pipe: user=0.502s sys=1.012s (children user=0.474s sys=0.998s) vcsw=419941 ivcsw=1 minflt=959
[rusage] fifo: user=0.601s sys=0.972s (children user=0.500s sys=1.030s) vcsw=419991 ivcsw=4 minflt=958
[rusage] socketpair: user=0.214s sys=1.489s (children user=0.151s sys=1.485s) vcsw=420084 ivcsw=4 minflt=960
[rusage] unix: user=0.222s sys=1.494s (children user=0.139s sys=1.479s) vcsw=420106 ivcsw=4 minflt=962
[rusage] tcp: user=0.196s sys=1.824s (children user=0.150s sys=1.838s) vcsw=420003 ivcsw=2 minflt=960
[rusage] mqueue: user=0.184s sys=0.228s (children user=0.138s sys=0.266s) vcsw=120005 ivcsw=2 minflt=370
[rusage] shm: user=0.041s sys=0.001s (children user=0.037s sys=0.000s) vcsw=8 ivcsw=8 minflt=1995
[rusage] mmap_anon: user=0.040s sys=0.002s (children user=0.037s sys=0.000s) vcsw=8 ivcsw=8 minflt=1993
[rusage] mmap_anon_populate: user=0.042s sys=0.001s (children user=0.038s sys=0.000s) vcsw=8 ivcsw=8 minflt=3530
[rusage] mmap_file: user=0.041s sys=0.001s (children user=0.037s sys=0.000s) vcsw=7 ivcsw=9 minflt=1991
[rusage] shm: user=0.544s sys=1.044s (children user=0.427s sys=1.139s) vcsw=413042 ivcsw=0 minflt=1997
[rusage] mmap_anon: user=0.514s sys=1.069s (children user=0.425s sys=1.115s) vcsw=417898 ivcsw=0 minflt=1997
[rusage] mmap_anon_populate: user=0.502s sys=1.104s (children user=0.430s sys=1.138s) vcsw=419930 ivcsw=1 minflt=3531
[rusage] mmap_file: user=0.505s sys=1.062s (children user=0.383s sys=1.138s) vcsw=419922 ivcsw=1 minflt=1994
[rusage] mmap_file_msync_async: user=0.005s sys=0.001s (children user=0.004s sys=0.000s) vcsw=8 ivcsw=0 minflt=1229
[rusage] mmap_file_msync_sync: user=0.007s sys=0.113s (children user=0.727s sys=0.007s) vcsw=28116 ivcsw=1 minflt=43228
[rusage] pipe: user=0.457s sys=0.974s (children user=0.455s sys=0.966s) vcsw=419940 ivcsw=3 minflt=963
[rusage] fifo: user=0.548s sys=0.895s (children user=0.452s sys=0.971s) vcsw=419999 ivcsw=1 minflt=961
[rusage] socketpair: user=0.215s sys=1.531s (children user=0.145s sys=1.451s) vcsw=420078 ivcsw=5 minflt=963
[rusage] unix: user=0.243s sys=1.451s (children user=0.154s sys=1.500s) vcsw=420060 ivcsw=1 minflt=961
[rusage] tcp: user=0.195s sys=1.837s (children user=0.133s sys=1.847s) vcsw=419985 ivcsw=1 minflt=960
[rusage] mqueue: user=0.138s sys=0.267s (children user=0.109s sys=0.290s) vcsw=120001 ivcsw=1 minflt=368
[rusage] shm: user=0.041s sys=0.001s (children user=0.037s sys=0.000s) vcsw=8 ivcsw=8 minflt=1997
[rusage] mmap_anon: user=0.041s sys=0.002s (children user=0.038s sys=0.000s) vcsw=8 ivcsw=8 minflt=1994
[rusage] mmap_anon_populate: user=0.042s sys=0.001s (children user=0.037s sys=0.000s) vcsw=7 ivcsw=8 minflt=3529
[rusage] mmap_file: user=0.041s sys=0.002s (children user=0.037s sys=0.000s) vcsw=7 ivcsw=9 minflt=1993
[rusage] shm: user=0.556s sys=1.055s (children user=0.526s sys=1.067s) vcsw=419695 ivcsw=2 minflt=1994
[rusage] mmap_anon: user=0.542s sys=1.049s (children user=0.451s sys=1.115s) vcsw=419993 ivcsw=1 minflt=1995
[rusage] mmap_anon_populate: user=0.556s sys=1.042s (children user=0.460s sys=1.096s) vcsw=419978 ivcsw=0 minflt=3533
[rusage] mmap_file: user=0.563s sys=1.051s (children user=0.484s sys=1.092s) vcsw=419978 ivcsw=1 minflt=1992
[rusage] mmap_file_msync_async: user=0.003s sys=0.002s (children user=0.004s sys=0.000s) vcsw=8 ivcsw=0 minflt=1228
[rusage] mmap_file_msync_sync: user=0.018s sys=0.105s (children user=0.755s sys=0.010s) vcsw=28165 ivcsw=3 minflt=43224
[rusage] pipe: user=0.528s sys=0.960s (children user=0.481s sys=0.978s) vcsw=419996 ivcsw=2 minflt=956
[rusage] fifo: user=0.543s sys=1.006s (children user=0.451s sys=1.078s) vcsw=419934 ivcsw=1 minflt=958
[rusage] socketpair: user=0.208s sys=1.527s (children user=0.148s sys=1.489s) vcsw=420068 ivcsw=1 minflt=961
[rusage] unix: user=0.207s sys=1.488s (children user=0.141s sys=1.528s) vcsw=420263 ivcsw=3 minflt=962
[rusage] tcp: user=0.190s sys=1.862s (children user=0.170s sys=1.851s) vcsw=419935 ivcsw=3 minflt=959
[rusage] mqueue: user=0.121s sys=0.297s (children user=0.093s sys=0.321s) vcsw=119980 ivcsw=0 minflt=366
[rusage] shm: user=0.037s sys=0.004s (children user=0.035s sys=0.000s) vcsw=8 ivcsw=7 minflt=1997
[rusage] mmap_anon: user=0.043s sys=0.001s (children user=0.039s sys=0.000s) vcsw=8 ivcsw=9 minflt=1994
[rusage] mmap_anon_populate: user=0.042s sys=0.001s (children user=0.037s sys=0.000s) vcsw=8 ivcsw=8 minflt=3534
[rusage] mmap_file: user=0.043s sys=0.001s (children user=0.039s sys=0.000s) vcsw=8 ivcsw=8 minflt=1991
[rusage] shm: user=0.521s sys=1.061s (children user=0.437s sys=1.123s) vcsw=418946 ivcsw=0 minflt=1994
[rusage] mmap_anon: user=0.511s sys=1.064s (children user=0.420s sys=1.126s) vcsw=419824 ivcsw=1 minflt=1995
[rusage] mmap_anon_populate: user=0.468s sys=1.091s (children user=0.429s sys=1.103s) vcsw=418672 ivcsw=4 minflt=3534
[rusage] mmap_file: user=0.470s sys=1.078s (children user=0.393s sys=1.127s) vcsw=419934 ivcsw=5 minflt=1990
[rusage] mmap_file_msync_async: user=0.002s sys=0.003s (children user=0.004s sys=0.000s) vcsw=8 ivcsw=0 minflt=1227
[rusage] mmap_file_msync_sync: user=0.019s sys=0.104s (children user=0.736s sys=0.010s) vcsw=28190 ivcsw=0 minflt=43219
[rusage] pipe: user=0.447s sys=1.156s (children user=0.311s sys=1.243s) vcsw=419928 ivcsw=2 minflt=962
[rusage] fifo: user=0.321s sys=1.264s (children user=0.363s sys=1.183s) vcsw=419921 ivcsw=5 minflt=959
[rusage] socketpair: user=0.231s sys=1.574s (children user=0.165s sys=1.574s) vcsw=420278 ivcsw=1 minflt=963
[rusage] unix: user=0.215s sys=1.552s (children user=0.141s sys=1.563s) vcsw=420108 ivcsw=4 minflt=965
[rusage] tcp: user=0.231s sys=1.915s (children user=0.130s sys=1.957s) vcsw=419945 ivcsw=1 minflt=964
[rusage] mqueue: user=0.053s sys=0.413s (children user=0.045s sys=0.411s) vcsw=119934 ivcsw=1 minflt=376
[rusage] shm: user=0.045s sys=0.004s (children user=0.043s sys=0.000s) vcsw=8 ivcsw=7 minflt=1994
[rusage] mmap_anon: user=0.047s sys=0.001s (children user=0.041s sys=0.001s) vcsw=8 ivcsw=7 minflt=1993
[rusage] mmap_anon_populate: user=0.047s sys=0.002s (children user=0.043s sys=0.000s) vcsw=8 ivcsw=8 minflt=3531
[rusage] mmap_file: user=0.047s sys=0.001s (children user=0.042s sys=0.000s) vcsw=7 ivcsw=9 minflt=1993
[rusage] shm: user=0.542s sys=1.060s (children user=0.433s sys=1.125s) vcsw=419991 ivcsw=1 minflt=1994
[rusage] mmap_anon: user=0.533s sys=1.050s (children user=0.403s sys=1.132s) vcsw=419958 ivcsw=1 minflt=1996
[rusage] mmap_anon_populate: user=0.520s sys=1.057s (children user=0.444s sys=1.089s) vcsw=419956 ivcsw=1 minflt=3534
[rusage] mmap_file: user=0.535s sys=1.058s (children user=0.430s sys=1.119s) vcsw=419980 ivcsw=2 minflt=1991
[rusage] mmap_file_msync_async: user=0.002s sys=0.004s (children user=0.005s sys=0.000s) vcsw=8 ivcsw=0 minflt=1231
[rusage] mmap_file_msync_sync: user=0.022s sys=0.111s (children user=0.740s sys=0.011s) vcsw=28010 ivcsw=0 minflt=57226
[rusage] pipe: user=0.008s sys=0.053s (children user=0.010s sys=0.050s) vcsw=38 ivcsw=9 minflt=183
[rusage] fifo: user=0.009s sys=0.053s (children user=0.008s sys=0.053s) vcsw=34 ivcsw=5 minflt=181
[rusage] socketpair: user=0.012s sys=0.061s (children user=0.014s sys=0.059s) vcsw=775 ivcsw=0 minflt=181
[rusage] unix: user=0.015s sys=0.057s (children user=0.011s sys=0.063s) vcsw=602 ivcsw=0 minflt=186
[rusage] tcp: user=0.007s sys=0.213s (children user=0.011s sys=0.137s) vcsw=15834 ivcsw=8 minflt=186
[rusage] shm: user=0.011s sys=0.001s (children user=0.011s sys=0.000s) vcsw=8 ivcsw=9 minflt=1290
[rusage] mmap_anon: user=0.010s sys=0.001s (children user=0.010s sys=0.000s) vcsw=8 ivcsw=0 minflt=1287
[rusage] mmap_anon_populate: user=0.013s sys=0.000s (children user=0.012s sys=0.000s) vcsw=9 ivcsw=8 minflt=2825
[rusage] mmap_file: user=0.013s sys=0.000s (children user=0.012s sys=0.000s) vcsw=9 ivcsw=5 minflt=1285
[rusage] pipe: user=0.003s sys=0.068s (children user=0.001s sys=0.070s) vcsw=10162 ivcsw=1 minflt=209
[rusage] fifo: user=0.001s sys=0.091s (children user=0.004s sys=0.080s) vcsw=15043 ivcsw=3 minflt=212
[rusage] socketpair: user=0.003s sys=0.035s (children user=0.000s sys=0.037s) vcsw=3965 ivcsw=2 minflt=213
[rusage] unix: user=0.002s sys=0.035s (children user=0.000s sys=0.037s) vcsw=4147 ivcsw=0 minflt=214
[rusage] tcp: user=0.000s sys=0.035s (children user=0.001s sys=0.026s) vcsw=1332 ivcsw=8 minflt=213
[rusage] shm: user=0.009s sys=0.002s (children user=0.008s sys=0.001s) vcsw=9 ivcsw=0 minflt=1322
[rusage] mmap_anon: user=0.011s sys=0.001s (children user=0.011s sys=0.000s) vcsw=9 ivcsw=8 minflt=1320
[rusage] mmap_anon_populate: user=0.009s sys=0.002s (children user=0.010s sys=0.000s) vcsw=9 ivcsw=0 minflt=2856
[rusage] mmap_file: user=0.010s sys=0.000s (children user=0.009s sys=0.000s) vcsw=9 ivcsw=0 minflt=1318
[rusage] pipe: user=0.001s sys=0.086s (children user=0.002s sys=0.086s) vcsw=16383 ivcsw=0 minflt=690
[rusage] fifo: user=0.000s sys=0.077s (children user=0.007s sys=0.080s) vcsw=16387 ivcsw=0 minflt=689
[rusage] socketpair: user=0.000s sys=0.032s (children user=0.003s sys=0.032s) vcsw=4209 ivcsw=1 minflt=692
[rusage] unix: user=0.000s sys=0.033s (children user=0.000s sys=0.035s) vcsw=4424 ivcsw=1 minflt=690
[rusage] tcp: user=0.000s sys=0.025s (children user=0.000s sys=0.021s) vcsw=496 ivcsw=7 minflt=693
[rusage] shm: user=0.011s sys=0.001s (children user=0.011s sys=0.001s) vcsw=9 ivcsw=0 minflt=1800
[rusage] mmap_anon: user=0.012s sys=0.000s (children user=0.012s sys=0.000s) vcsw=9 ivcsw=8 minflt=1800
[rusage] mmap_anon_populate: user=0.011s sys=0.002s (children user=0.012s sys=0.000s) vcsw=9 ivcsw=7 minflt=3340
[rusage] mmap_file: user=0.012s sys=0.000s (children user=0.011s sys=0.001s) vcsw=9 ivcsw=8 minflt=1799
[rusage] mqueue: user=0.002s sys=0.025s (children user=0.005s sys=0.024s) vcsw=5148 ivcsw=3 minflt=177
[rusage] mqueue: user=0.002s sys=0.010s (children user=0.001s sys=0.011s) vcsw=215 ivcsw=3 minflt=180
mmap: Cannot allocate memory
hugetlb: потрібні hugepages (/proc/sys/vm/nr_hugepages)
