[rusage] pipe: user=0.028s sys=0.156s (children user=0.013s sys=0.158s) vcsw=382564 ivcsw=37444 minflt=961
[rusage] fifo: user=0.038s sys=0.149s (children user=0.022s sys=0.152s) vcsw=368795 ivcsw=51214 minflt=958
[rusage] socketpair: user=0.048s sys=0.332s (children user=0.021s sys=0.341s) vcsw=539054 ivcsw=135287 minflt=962
[rusage] unix: user=0.053s sys=0.419s (children user=0.044s sys=0.407s) vcsw=533142 ivcsw=164580 minflt=964
[rusage] tcp: user=0.045s sys=0.460s (children user=0.035s sys=0.456s) vcsw=361730 ivcsw=58281 minflt=964
[rusage] mqueue: user=0.012s sys=0.066s (children user=0.003s sys=0.070s) vcsw=108587 ivcsw=11428 minflt=370
[rusage] shm: user=0.022s sys=0.080s (children user=0.014s sys=0.080s) vcsw=8 ivcsw=420007 minflt=1997
[rusage] mmap_anon: user=0.017s sys=0.063s (children user=0.006s sys=0.067s) vcsw=8 ivcsw=420010 minflt=2001
[rusage] mmap_anon_populate: user=0.015s sys=0.067s (children user=0.009s sys=0.066s) vcsw=8 ivcsw=420009 minflt=3538
[rusage] mmap_file: user=0.020s sys=0.064s (children user=0.008s sys=0.068s) vcsw=8 ivcsw=420005 minflt=1997
[rusage] shm: user=0.029s sys=0.153s (children user=0.024s sys=0.144s) vcsw=383101 ivcsw=36908 minflt=2002
[rusage] mmap_anon: user=0.027s sys=0.153s (children user=0.017s sys=0.148s) vcsw=387191 ivcsw=32821 minflt=2000
[rusage] mmap_anon_populate: user=0.025s sys=0.154s (children user=0.028s sys=0.137s) vcsw=392984 ivcsw=27026 minflt=3533
[rusage] mmap_file: user=0.030s sys=0.149s (children user=0.021s sys=0.144s) vcsw=387512 ivcsw=32502 minflt=1994
[rusage] mmap_file_msync_async: user=0.002s sys=0.006s (children user=0.001s sys=0.006s) vcsw=8 ivcsw=28009 minflt=1226
[rusage] mmap_file_msync_sync: user=0.001s sys=0.086s (children user=0.119s sys=0.577s) vcsw=28003 ivcsw=56010 minflt=29228
[rusage] pipe: user=0.033s sys=0.149s (children user=0.024s sys=0.148s) vcsw=382137 ivcsw=37871 minflt=965
[rusage] fifo: user=0.032s sys=0.148s (children user=0.018s sys=0.148s) vcsw=385199 ivcsw=34811 minflt=959
[rusage] socketpair: user=0.027s sys=0.216s (children user=0.015s sys=0.211s) vcsw=465182 ivcsw=53031 minflt=959
[rusage] unix: user=0.026s sys=0.206s (children user=0.015s sys=0.205s) vcsw=482047 ivcsw=66648 minflt=965
[rusage] tcp: user=0.031s sys=0.307s (children user=0.029s sys=0.295s) vcsw=339973 ivcsw=80038 minflt=964
[rusage] mqueue: user=0.014s sys=0.036s (children user=0.004s sys=0.043s) vcsw=103191 ivcsw=16818 minflt=369
[rusage] shm: user=0.026s sys=0.051s (children user=0.009s sys=0.061s) vcsw=8 ivcsw=420007 minflt=1994
[rusage] mmap_anon: user=0.016s sys=0.060s (children user=0.011s sys=0.059s) vcsw=8 ivcsw=420005 minflt=2000
[rusage] mmap_anon_populate: user=0.016s sys=0.062s (children user=0.005s sys=0.066s) vcsw=8 ivcsw=420005 minflt=3537
[rusage] mmap_file: user=0.026s sys=0.056s (children user=0.008s sys=0.066s) vcsw=8 ivcsw=420006 minflt=1997
[rusage] shm: user=0.030s sys=0.148s (children user=0.017s sys=0.148s) vcsw=383495 ivcsw=36516 minflt=2000
[rusage] mmap_anon: user=0.041s sys=0.135s (children user=0.021s sys=0.143s) vcsw=381401 ivcsw=38611 minflt=1998
[rusage] mmap_anon_populate: user=0.030s sys=0.177s (children user=0.011s sys=0.172s) vcsw=372833 ivcsw=47178 minflt=3535
[rusage] mmap_file: user=0.028s sys=0.158s (children user=0.017s sys=0.154s) vcsw=387121 ivcsw=32888 minflt=1999
[rusage] mmap_file_msync_async: user=0.001s sys=0.007s (children user=0.001s sys=0.006s) vcsw=8 ivcsw=28003 minflt=1227
[rusage] mmap_file_msync_sync: user=0.004s sys=0.095s (children user=0.140s sys=0.525s) vcsw=28002 ivcsw=56024 minflt=29231
[rusage] pipe: user=0.026s sys=0.163s (children user=0.022s sys=0.153s) vcsw=369651 ivcsw=50356 minflt=964
[rusage] fifo: user=0.030s sys=0.153s (children user=0.018s sys=0.153s) vcsw=379061 ivcsw=40949 minflt=960
[rusage] socketpair: user=0.029s sys=0.217s (children user=0.016s sys=0.217s) vcsw=501776 ivcsw=86887 minflt=963
[rusage] unix: user=0.033s sys=0.191s (children user=0.019s sys=0.192s) vcsw=462650 ivcsw=46568 minflt=962
[rusage] tcp: user=0.042s sys=0.326s (children user=0.020s sys=0.340s) vcsw=343802 ivcsw=76208 minflt=964
[rusage] mqueue: user=0.007s sys=0.044s (children user=0.002s sys=0.045s) vcsw=105324 ivcsw=14685 minflt=376
[rusage] shm: user=0.021s sys=0.057s (children user=0.006s sys=0.065s) vcsw=8 ivcsw=420005 minflt=2000
[rusage] mmap_anon: user=0.019s sys=0.059s (children user=0.007s sys=0.065s) vcsw=8 ivcsw=420008 minflt=2003
[rusage] mmap_anon_populate: user=0.018s sys=0.060s (children user=0.009s sys=0.062s) vcsw=8 ivcsw=420005 minflt=3536
[rusage] mmap_file: user=0.022s sys=0.056s (children user=0.005s sys=0.066s) vcsw=8 ivcsw=420012 minflt=1997
[rusage] shm: user=0.035s sys=0.140s (children user=0.016s sys=0.147s) vcsw=384121 ivcsw=35891 minflt=1997
[rusage] mmap_anon: user=0.026s sys=0.153s (children user=0.015s sys=0.150s) vcsw=387710 ivcsw=32300 minflt=1998
[rusage] mmap_anon_populate: user=0.029s sys=0.152s (children user=0.008s sys=0.158s) vcsw=390045 ivcsw=29965 minflt=3536
[rusage] mmap_file: user=0.027s sys=0.153s (children user=0.012s sys=0.154s) vcsw=388531 ivcsw=31480 minflt=1993
[rusage] mmap_file_msync_async: user=0.004s sys=0.004s (children user=0.001s sys=0.006s) vcsw=8 ivcsw=28007 minflt=1226
[rusage] mmap_file_msync_sync: user=0.000s sys=0.088s (children user=0.108s sys=0.490s) vcsw=28005 ivcsw=56024 minflt=29230
[rusage] pipe: user=0.027s sys=0.185s (children user=0.019s sys=0.180s) vcsw=375260 ivcsw=44747 minflt=966
[rusage] fifo: user=0.042s sys=0.195s (children user=0.027s sys=0.195s) vcsw=363281 ivcsw=56730 minflt=961
[rusage] socketpair: user=0.043s sys=0.252s (children user=0.020s sys=0.263s) vcsw=535320 ivcsw=120473 minflt=961
[rusage] unix: user=0.034s sys=0.246s (children user=0.011s sys=0.258s) vcsw=537428 ivcsw=120835 minflt=964
[rusage] tcp: user=0.033s sys=0.346s (children user=0.020s sys=0.347s) vcsw=357405 ivcsw=62604 minflt=966
[rusage] mqueue: user=0.005s sys=0.061s (children user=0.006s sys=0.057s) vcsw=102048 ivcsw=17959 minflt=374
[rusage] shm: user=0.022s sys=0.063s (children user=0.008s sys=0.069s) vcsw=8 ivcsw=420005 minflt=2000
[rusage] mmap_anon: user=0.026s sys=0.061s (children user=0.010s sys=0.068s) vcsw=8 ivcsw=420006 minflt=1999
[rusage] mmap_anon_populate: user=0.019s sys=0.067s (children user=0.009s sys=0.070s) vcsw=8 ivcsw=420005 minflt=3534
[rusage] mmap_file: user=0.030s sys=0.062s (children user=0.012s sys=0.072s) vcsw=8 ivcsw=420008 minflt=1995
[rusage] shm: user=0.046s sys=0.168s (children user=0.027s sys=0.158s) vcsw=390054 ivcsw=29957 minflt=2002
[rusage] mmap_anon: user=0.029s sys=0.165s (children user=0.020s sys=0.153s) vcsw=395039 ivcsw=24972 minflt=1999
[rusage] mmap_anon_populate: user=0.030s sys=0.161s (children user=0.022s sys=0.147s) vcsw=401134 ivcsw=18878 minflt=3532
[rusage] mmap_file: user=0.031s sys=0.158s (children user=0.014s sys=0.154s) vcsw=399438 ivcsw=20573 minflt=1995
[rusage] mmap_file_msync_async: user=0.000s sys=0.008s (children user=0.003s sys=0.004s) vcsw=8 ivcsw=28002 minflt=1228
[rusage] mmap_file_msync_sync: user=0.005s sys=0.098s (children user=0.124s sys=0.514s) vcsw=28001 ivcsw=56015 minflt=43227
[rusage] pipe: user=0.004s sys=0.032s (children user=0.005s sys=0.034s) vcsw=19106 ivcsw=3105 minflt=179
[rusage] fifo: user=0.003s sys=0.033s (children user=0.004s sys=0.034s) vcsw=19228 ivcsw=3241 minflt=181
[rusage] socketpair: user=0.004s sys=0.047s (children user=0.002s sys=0.058s) vcsw=30843 ivcsw=26068 minflt=183
[rusage] unix: user=0.005s sys=0.045s (children user=0.008s sys=0.050s) vcsw=31537 ivcsw=26789 minflt=186
[rusage] tcp: user=0.009s sys=0.118s (children user=0.008s sys=0.082s) vcsw=38091 ivcsw=37907 minflt=184
[rusage] shm: user=0.009s sys=0.003s (children user=0.009s sys=0.000s) vcsw=8 ivcsw=265 minflt=1286
[rusage] mmap_anon: user=0.008s sys=0.002s (children user=0.009s sys=0.001s) vcsw=8 ivcsw=265 minflt=1290
[rusage] mmap_anon_populate: user=0.009s sys=0.002s (children user=0.010s sys=0.000s) vcsw=8 ivcsw=268 minflt=2826
[rusage] mmap_file: user=0.010s sys=0.001s (children user=0.010s sys=0.000s) vcsw=8 ivcsw=264 minflt=1286
[rusage] pipe: user=0.002s sys=0.024s (children user=0.000s sys=0.027s) vcsw=13360 ivcsw=3031 minflt=212
[rusage] fifo: user=0.001s sys=0.020s (children user=0.001s sys=0.022s) vcsw=13034 ivcsw=3360 minflt=207
[rusage] socketpair: user=0.001s sys=0.017s (children user=0.000s sys=0.022s) vcsw=6450 ivcsw=3043 minflt=212
[rusage] unix: user=0.000s sys=0.018s (children user=0.001s sys=0.020s) vcsw=6497 ivcsw=3109 minflt=213
[rusage] tcp: user=0.002s sys=0.022s (children user=0.001s sys=0.020s) vcsw=1782 ivcsw=1565 minflt=211
[rusage] shm: user=0.009s sys=0.001s (children user=0.009s sys=0.000s) vcsw=8 ivcsw=262 minflt=1319
[rusage] mmap_anon: user=0.010s sys=0.000s (children user=0.008s sys=0.001s) vcsw=8 ivcsw=264 minflt=1323
[rusage] mmap_anon_populate: user=0.009s sys=0.001s (children user=0.009s sys=0.000s) vcsw=8 ivcsw=263 minflt=2856
[rusage] mmap_file: user=0.009s sys=0.001s (children user=0.008s sys=0.001s) vcsw=8 ivcsw=268 minflt=1318
[rusage] pipe: user=0.000s sys=0.019s (children user=0.000s sys=0.025s) vcsw=14630 ivcsw=1761 minflt=691
[rusage] fifo: user=0.000s sys=0.020s (children user=0.000s sys=0.025s) vcsw=14639 ivcsw=1758 minflt=692
[rusage] socketpair: user=0.000s sys=0.009s (children user=0.000s sys=0.024s) vcsw=4682 ivcsw=447 minflt=692
[rusage] unix: user=0.001s sys=0.009s (children user=0.000s sys=0.024s) vcsw=4673 ivcsw=454 minflt=696
[rusage] tcp: user=0.001s sys=0.015s (children user=0.000s sys=0.019s) vcsw=402 ivcsw=187 minflt=695
[rusage] shm: user=0.011s sys=0.001s (children user=0.011s sys=0.000s) vcsw=8 ivcsw=265 minflt=1800
[rusage] mmap_anon: user=0.010s sys=0.001s (children user=0.011s sys=0.000s) vcsw=8 ivcsw=267 minflt=1797
[rusage] mmap_anon_populate: user=0.011s sys=0.001s (children user=0.010s sys=0.001s) vcsw=8 ivcsw=263 minflt=3339
[rusage] mmap_file: user=0.011s sys=0.001s (children user=0.009s sys=0.001s) vcsw=8 ivcsw=267 minflt=1795
[rusage] mqueue: user=0.000s sys=0.011s (children user=0.001s sys=0.009s) vcsw=5836 ivcsw=446 minflt=180
[rusage] mqueue: user=0.002s sys=0.007s (children user=0.003s sys=0.006s) vcsw=3125 ivcsw=466 minflt=185
[rusage] pipe: user=0.035s sys=0.146s (children user=0.018s sys=0.152s) vcsw=382960 ivcsw=37047 minflt=963
[rusage] fifo: user=0.036s sys=0.144s (children user=0.011s sys=0.158s) vcsw=389585 ivcsw=30424 minflt=966
[rusage] socketpair: user=0.033s sys=0.206s (children user=0.019s sys=0.209s) vcsw=517274 ivcsw=100127 minflt=966
[rusage] unix: user=0.032s sys=0.206s (children user=0.020s sys=0.205s) vcsw=492235 ivcsw=75752 minflt=965
[rusage] tcp: user=0.031s sys=0.317s (children user=0.015s sys=0.321s) vcsw=331364 ivcsw=88647 minflt=963
[rusage] mqueue: user=0.008s sys=0.043s (children user=0.007s sys=0.041s) vcsw=111168 ivcsw=8839 minflt=370
[rusage] shm: user=0.019s sys=0.059s (children user=0.009s sys=0.062s) vcsw=8 ivcsw=420002 minflt=2000
[rusage] mmap_anon: user=0.023s sys=0.054s (children user=0.007s sys=0.063s) vcsw=8 ivcsw=420008 minflt=1997
[rusage] mmap_anon_populate: user=0.023s sys=0.054s (children user=0.003s sys=0.066s) vcsw=8 ivcsw=420004 minflt=3538
[rusage] mmap_file: user=0.017s sys=0.060s (children user=0.010s sys=0.060s) vcsw=8 ivcsw=420005 minflt=1996
[rusage] shm: user=0.033s sys=0.143s (children user=0.019s sys=0.144s) vcsw=377119 ivcsw=42890 minflt=2000
[rusage] mmap_anon: user=0.036s sys=0.143s (children user=0.013s sys=0.153s) vcsw=371946 ivcsw=48063 minflt=1998
[rusage] mmap_anon_populate: user=0.030s sys=0.149s (children user=0.017s sys=0.149s) vcsw=389852 ivcsw=30158 minflt=3534
[rusage] mmap_file: user=0.033s sys=0.147s (children user=0.016s sys=0.151s) vcsw=387608 ivcsw=32403 minflt=1997
[rusage] mmap_file_msync_async: user=0.001s sys=0.007s (children user=0.001s sys=0.005s) vcsw=8 ivcsw=28006 minflt=1229
[rusage] mmap_file_msync_sync: user=0.007s sys=0.083s (children user=0.110s sys=0.502s) vcsw=27998 ivcsw=56017 minflt=29233
[rusage] pipe: user=0.027s sys=0.153s (children user=0.022s sys=0.147s) vcsw=381706 ivcsw=38301 minflt=966
[rusage] fifo: user=0.034s sys=0.146s (children user=0.021s sys=0.146s) vcsw=383752 ivcsw=36258 minflt=964
[rusage] socketpair: user=0.031s sys=0.193s (children user=0.011s sys=0.202s) vcsw=489907 ivcsw=72613 minflt=967
[rusage] unix: user=0.035s sys=0.189s (children user=0.011s sys=0.202s) vcsw=484000 ivcsw=66555 minflt=967
[rusage] tcp: user=0.032s sys=0.309s (children user=0.020s sys=0.308s) vcsw=359248 ivcsw=60765 minflt=965
[rusage] mqueue: user=0.008s sys=0.042s (children user=0.007s sys=0.039s) vcsw=107117 ivcsw=12892 minflt=372
[rusage] shm: user=0.013s sys=0.063s (children user=0.010s sys=0.059s) vcsw=8 ivcsw=420009 minflt=2002
[rusage] mmap_anon: user=0.018s sys=0.058s (children user=0.013s sys=0.057s) vcsw=8 ivcsw=420005 minflt=1998
[rusage] mmap_anon_populate: user=0.021s sys=0.055s (children user=0.009s sys=0.061s) vcsw=8 ivcsw=420002 minflt=3537
[rusage] mmap_file: user=0.019s sys=0.058s (children user=0.013s sys=0.057s) vcsw=8 ivcsw=420004 minflt=1993
[rusage] shm: user=0.029s sys=0.146s (children user=0.021s sys=0.139s) vcsw=367052 ivcsw=52960 minflt=2000
[rusage] mmap_anon: user=0.029s sys=0.149s (children user=0.014s sys=0.150s) vcsw=387210 ivcsw=32799 minflt=1998
[rusage] mmap_anon_populate: user=0.028s sys=0.151s (children user=0.013s sys=0.153s) vcsw=389603 ivcsw=30406 minflt=3535
[rusage] mmap_file: user=0.028s sys=0.150s (children user=0.019s sys=0.146s) vcsw=385510 ivcsw=34500 minflt=1997
[rusage] mmap_file_msync_async: user=0.002s sys=0.006s (children user=0.001s sys=0.005s) vcsw=8 ivcsw=28006 minflt=1230
[rusage] mmap_file_msync_sync: user=0.004s sys=0.084s (children user=0.096s sys=0.501s) vcsw=28001 ivcsw=56024 minflt=29231
[rusage] pipe: user=0.026s sys=0.155s (children user=0.027s sys=0.140s) vcsw=372382 ivcsw=47625 minflt=961
[rusage] fifo: user=0.042s sys=0.136s (children user=0.014s sys=0.153s) vcsw=353780 ivcsw=66231 minflt=965
[rusage] socketpair: user=0.033s sys=0.198s (children user=0.018s sys=0.200s) vcsw=494069 ivcsw=76814 minflt=959
[rusage] unix: user=0.022s sys=0.214s (children user=0.021s sys=0.204s) vcsw=501459 ivcsw=83955 minflt=964
[rusage] tcp: user=0.035s sys=0.306s (children user=0.025s sys=0.305s) vcsw=332982 ivcsw=87027 minflt=967
[rusage] mqueue: user=0.003s sys=0.047s (children user=0.006s sys=0.041s) vcsw=109404 ivcsw=10604 minflt=371
[rusage] shm: user=0.017s sys=0.059s (children user=0.011s sys=0.059s) vcsw=8 ivcsw=420005 minflt=2001
[rusage] mmap_anon: user=0.013s sys=0.064s (children user=0.006s sys=0.065s) vcsw=8 ivcsw=420006 minflt=2000
[rusage] mmap_anon_populate: user=0.019s sys=0.058s (children user=0.011s sys=0.059s) vcsw=8 ivcsw=420003 minflt=3535
[rusage] mmap_file: user=0.019s sys=0.058s (children user=0.006s sys=0.065s) vcsw=8 ivcsw=420009 minflt=1998
[rusage] shm: user=0.027s sys=0.152s (children user=0.021s sys=0.145s) vcsw=385946 ivcsw=34064 minflt=1999
[rusage] mmap_anon: user=0.036s sys=0.146s (children user=0.020s sys=0.149s) vcsw=387972 ivcsw=32046 minflt=1999
[rusage] mmap_anon_populate: user=0.027s sys=0.153s (children user=0.014s sys=0.152s) vcsw=389824 ivcsw=30185 minflt=3536
[rusage] mmap_file: user=0.028s sys=0.150s (children user=0.017s sys=0.148s) vcsw=387567 ivcsw=32442 minflt=1996
[rusage] mmap_file_msync_async: user=0.002s sys=0.005s (children user=0.001s sys=0.006s) vcsw=8 ivcsw=28003 minflt=1230
[rusage] mmap_file_msync_sync: user=0.003s sys=0.085s (children user=0.097s sys=0.501s) vcsw=27992 ivcsw=56014 minflt=29227
[rusage] pipe: user=0.030s sys=0.179s (children user=0.025s sys=0.173s) vcsw=374948 ivcsw=45063 minflt=965
[rusage] fifo: user=0.032s sys=0.175s (children user=0.017s sys=0.179s) vcsw=369639 ivcsw=50370 minflt=966
[rusage] socketpair: user=0.026s sys=0.262s (children user=0.021s sys=0.255s) vcsw=535942 ivcsw=119358 minflt=968
[rusage] unix: user=0.027s sys=0.261s (children user=0.012s sys=0.265s) vcsw=555231 ivcsw=137610 minflt=965
[rusage] tcp: user=0.037s sys=0.349s (children user=0.024s sys=0.349s) vcsw=341511 ivcsw=78502 minflt=965
[rusage] mqueue: user=0.009s sys=0.052s (children user=0.007s sys=0.052s) vcsw=95926 ivcsw=24082 minflt=372
[rusage] shm: user=0.024s sys=0.059s (children user=0.008s sys=0.069s) vcsw=8 ivcsw=420005 minflt=2001
[rusage] mmap_anon: user=0.023s sys=0.061s (children user=0.008s sys=0.069s) vcsw=8 ivcsw=420008 minflt=2001
[rusage] mmap_anon_populate: user=0.025s sys=0.059s (children user=0.008s sys=0.069s) vcsw=8 ivcsw=420002 minflt=3537
[rusage] mmap_file: user=0.020s sys=0.065s (children user=0.014s sys=0.064s) vcsw=8 ivcsw=420006 minflt=1998
[rusage] shm: user=0.041s sys=0.143s (children user=0.014s sys=0.150s) vcsw=385504 ivcsw=34505 minflt=1997
[rusage] mmap_anon: user=0.029s sys=0.159s (children user=0.017s sys=0.152s) vcsw=400294 ivcsw=19716 minflt=1998
[rusage] mmap_anon_populate: user=0.036s sys=0.152s (children user=0.019s sys=0.149s) vcsw=398738 ivcsw=21271 minflt=3532
[rusage] mmap_file: user=0.041s sys=0.146s (children user=0.015s sys=0.153s) vcsw=399312 ivcsw=20698 minflt=1996
[rusage] mmap_file_msync_async: user=0.000s sys=0.008s (children user=0.001s sys=0.006s) vcsw=8 ivcsw=28002 minflt=1228
[rusage] mmap_file_msync_sync: user=0.006s sys=0.097s (children user=0.110s sys=0.525s) vcsw=27999 ivcsw=56009 minflt=43228
[rusage] pipe: user=0.001s sys=0.036s (children user=0.006s sys=0.032s) vcsw=19188 ivcsw=3200 minflt=183
[rusage] fifo: user=0.003s sys=0.034s (children user=0.006s sys=0.033s) vcsw=19779 ivcsw=3870 minflt=186
[rusage] socketpair: user=0.001s sys=0.048s (children user=0.006s sys=0.053s) vcsw=31782 ivcsw=27050 minflt=182
[rusage] unix: user=0.002s sys=0.048s (children user=0.008s sys=0.050s) vcsw=31541 ivcsw=26793 minflt=185
[rusage] tcp: user=0.005s sys=0.091s (children user=0.007s sys=0.066s) vcsw=26397 ivcsw=26163 minflt=184
[rusage] shm: user=0.010s sys=0.000s (children user=0.009s sys=0.000s) vcsw=8 ivcsw=267 minflt=1291
[rusage] mmap_anon: user=0.008s sys=0.001s (children user=0.009s sys=0.000s) vcsw=8 ivcsw=269 minflt=1290
[rusage] mmap_anon_populate: user=0.009s sys=0.001s (children user=0.006s sys=0.003s) vcsw=8 ivcsw=263 minflt=2830
[rusage] mmap_file: user=0.010s sys=0.000s (children user=0.007s sys=0.002s) vcsw=8 ivcsw=264 minflt=1289
[rusage] pipe: user=0.000s sys=0.026s (children user=0.002s sys=0.026s) vcsw=12797 ivcsw=3595 minflt=209
[rusage] fifo: user=0.001s sys=0.020s (children user=0.000s sys=0.023s) vcsw=14247 ivcsw=2145 minflt=212
[rusage] socketpair: user=0.001s sys=0.017s (children user=0.003s sys=0.018s) vcsw=6459 ivcsw=3033 minflt=214
[rusage] unix: user=0.001s sys=0.017s (children user=0.000s sys=0.022s) vcsw=6455 ivcsw=3008 minflt=217
[rusage] tcp: user=0.002s sys=0.022s (children user=0.002s sys=0.019s) vcsw=1851 ivcsw=1630 minflt=212
[rusage] shm: user=0.009s sys=0.002s (children user=0.008s sys=0.002s) vcsw=8 ivcsw=266 minflt=1318
[rusage] mmap_anon: user=0.009s sys=0.000s (children user=0.009s sys=0.000s) vcsw=8 ivcsw=264 minflt=1319
[rusage] mmap_anon_populate: user=0.008s sys=0.001s (children user=0.009s sys=0.000s) vcsw=8 ivcsw=266 minflt=2859
[rusage] mmap_file: user=0.010s sys=0.001s (children user=0.008s sys=0.001s) vcsw=8 ivcsw=267 minflt=1314
[rusage] pipe: user=0.000s sys=0.019s (children user=0.001s sys=0.023s) vcsw=14613 ivcsw=1779 minflt=691
[rusage] fifo: user=0.000s sys=0.020s (children user=0.000s sys=0.024s) vcsw=14617 ivcsw=1775 minflt=694
[rusage] socketpair: user=0.001s sys=0.009s (children user=0.000s sys=0.024s) vcsw=4714 ivcsw=411 minflt=693
[rusage] unix: user=0.000s sys=0.010s (children user=0.000s sys=0.024s) vcsw=4714 ivcsw=415 minflt=694
[rusage] tcp: user=0.000s sys=0.017s (children user=0.000s sys=0.019s) vcsw=403 ivcsw=189 minflt=695
[rusage] shm: user=0.010s sys=0.001s (children user=0.011s sys=0.000s) vcsw=8 ivcsw=268 minflt=1801
[rusage] mmap_anon: user=0.010s sys=0.002s (children user=0.010s sys=0.001s) vcsw=8 ivcsw=266 minflt=1800
[rusage] mmap_anon_populate: user=0.011s sys=0.001s (children user=0.011s sys=0.000s) vcsw=8 ivcsw=264 minflt=3338
[rusage] mmap_file: user=0.010s sys=0.002s (children user=0.011s sys=0.000s) vcsw=8 ivcsw=262 minflt=1801
[rusage] mqueue: user=0.002s sys=0.011s (children user=0.002s sys=0.011s) vcsw=6154 ivcsw=826 minflt=175
[rusage] mqueue: user=0.001s sys=0.007s (children user=0.000s sys=0.008s) vcsw=3046 ivcsw=374 minflt=181
[rusage] pipe: user=0.028s sys=0.150s (children user=0.022s sys=0.145s) vcsw=383383 ivcsw=36625 minflt=961
[rusage] fifo: user=0.026s sys=0.154s (children user=0.018s sys=0.149s) vcsw=386932 ivcsw=33082 minflt=964
[rusage] socketpair: user=0.028s sys=0.194s (children user=0.024s sys=0.186s) vcsw=489334 ivcsw=71664 minflt=966
[rusage] unix: user=0.021s sys=0.198s (children user=0.017s sys=0.191s) vcsw=482233 ivcsw=64610 minflt=963
[rusage] tcp: user=0.037s sys=0.310s (children user=0.029s sys=0.306s) vcsw=372753 ivcsw=47260 minflt=965
[rusage] mqueue: user=0.012s sys=0.039s (children user=0.007s sys=0.040s) vcsw=109296 ivcsw=10713 minflt=371
[rusage] shm: user=0.021s sys=0.054s (children user=0.005s sys=0.064s) vcsw=8 ivcsw=420017 minflt=1997
[rusage] mmap_anon: user=0.012s sys=0.063s (children user=0.009s sys=0.061s) vcsw=8 ivcsw=420003 minflt=1997
[rusage] mmap_anon_populate: user=0.017s sys=0.059s (children user=0.009s sys=0.060s) vcsw=8 ivcsw=420005 minflt=3534
[rusage] mmap_file: user=0.018s sys=0.058s (children user=0.006s sys=0.064s) vcsw=8 ivcsw=420007 minflt=1994
[rusage] shm: user=0.025s sys=0.149s (children user=0.023s sys=0.141s) vcsw=380856 ivcsw=39154 minflt=2000
[rusage] mmap_anon: user=0.030s sys=0.150s (children user=0.016s sys=0.151s) vcsw=383539 ivcsw=36478 minflt=2000
[rusage] mmap_anon_populate: user=0.036s sys=0.148s (children user=0.021s sys=0.146s) vcsw=387825 ivcsw=32184 minflt=3533
[rusage] mmap_file: user=0.028s sys=0.148s (children user=0.020s sys=0.144s) vcsw=385373 ivcsw=34636 minflt=1996
[rusage] mmap_file_msync_async: user=0.002s sys=0.006s (children user=0.000s sys=0.007s) vcsw=8 ivcsw=28002 minflt=1230
[rusage] mmap_file_msync_sync: user=0.005s sys=0.083s (children user=0.101s sys=0.501s) vcsw=28000 ivcsw=56002 minflt=29230
[rusage] pipe: user=0.025s sys=0.155s (children user=0.025s sys=0.143s) vcsw=386322 ivcsw=33685 minflt=957
[rusage] fifo: user=0.026s sys=0.153s (children user=0.015s sys=0.154s) vcsw=381909 ivcsw=38103 minflt=965
[rusage] socketpair: user=0.038s sys=0.185s (children user=0.014s sys=0.197s) vcsw=466157 ivcsw=49443 minflt=964
[rusage] unix: user=0.033s sys=0.190s (children user=0.014s sys=0.196s) vcsw=471521 ivcsw=54382 minflt=963
[rusage] tcp: user=0.036s sys=0.310s (children user=0.032s sys=0.301s) vcsw=350433 ivcsw=69581 minflt=963
[rusage] mqueue: user=0.009s sys=0.041s (children user=0.003s sys=0.044s) vcsw=106636 ivcsw=13375 minflt=368
[rusage] shm: user=0.019s sys=0.057s (children user=0.008s sys=0.061s) vcsw=8 ivcsw=420007 minflt=2000
[rusage] mmap_anon: user=0.021s sys=0.055s (children user=0.007s sys=0.063s) vcsw=8 ivcsw=420004 minflt=1999
[rusage] mmap_anon_populate: user=0.026s sys=0.051s (children user=0.010s sys=0.060s) vcsw=8 ivcsw=420004 minflt=3532
[rusage] mmap_file: user=0.021s sys=0.056s (children user=0.008s sys=0.062s) vcsw=8 ivcsw=420007 minflt=1997
[rusage] shm: user=0.027s sys=0.150s (children user=0.021s sys=0.142s) vcsw=367152 ivcsw=52857 minflt=1999
[rusage] mmap_anon: user=0.031s sys=0.151s (children user=0.024s sys=0.144s) vcsw=379492 ivcsw=40518 minflt=1998
[rusage] mmap_anon_populate: user=0.026s sys=0.151s (children user=0.017s sys=0.146s) vcsw=384658 ivcsw=35353 minflt=3533
[rusage] mmap_file: user=0.029s sys=0.153s (children user=0.024s sys=0.143s) vcsw=392870 ivcsw=27140 minflt=1996
[rusage] mmap_file_msync_async: user=0.001s sys=0.006s (children user=0.000s sys=0.007s) vcsw=8 ivcsw=28005 minflt=1229
[rusage] mmap_file_msync_sync: user=0.003s sys=0.084s (children user=0.103s sys=0.496s) vcsw=28003 ivcsw=56015 minflt=29226
[rusage] pipe: user=0.034s sys=0.155s (children user=0.021s sys=0.156s) vcsw=379497 ivcsw=40514 minflt=962
[rusage] fifo: user=0.030s sys=0.153s (children user=0.014s sys=0.157s) vcsw=365147 ivcsw=54864 minflt=961
[rusage] socketpair: user=0.034s sys=0.203s (children user=0.013s sys=0.213s) vcsw=508485 ivcsw=90969 minflt=962
[rusage] unix: user=0.038s sys=0.190s (children user=0.014s sys=0.202s) vcsw=473659 ivcsw=56871 minflt=964
[rusage] tcp: user=0.037s sys=0.305s (children user=0.023s sys=0.305s) vcsw=308521 ivcsw=111500 minflt=965
[rusage] mqueue: user=0.008s sys=0.043s (children user=0.004s sys=0.044s) vcsw=108701 ivcsw=11309 minflt=368
[rusage] shm: user=0.022s sys=0.089s (children user=0.013s sys=0.090s) vcsw=8 ivcsw=420004 minflt=1998
[rusage] mmap_anon: user=0.021s sys=0.062s (children user=0.010s sys=0.067s) vcsw=8 ivcsw=420004 minflt=1998
[rusage] mmap_anon_populate: user=0.019s sys=0.060s (children user=0.010s sys=0.062s) vcsw=8 ivcsw=420008 minflt=3536
[rusage] mmap_file: user=0.026s sys=0.052s (children user=0.008s sys=0.063s) vcsw=8 ivcsw=420007 minflt=1995
[rusage] shm: user=0.027s sys=0.152s (children user=0.020s sys=0.146s) vcsw=384984 ivcsw=35027 minflt=1998
[rusage] mmap_anon: user=0.030s sys=0.147s (children user=0.016s sys=0.147s) vcsw=381968 ivcsw=38042 minflt=1998
[rusage] mmap_anon_populate: user=0.027s sys=0.167s (children user=0.017s sys=0.160s) vcsw=383815 ivcsw=36194 minflt=3537
[rusage] mmap_file: user=0.035s sys=0.145s (children user=0.019s sys=0.147s) vcsw=381072 ivcsw=38939 minflt=1996
[rusage] mmap_file_msync_async: user=0.000s sys=0.008s (children user=0.002s sys=0.004s) vcsw=8 ivcsw=28006 minflt=1232
[rusage] mmap_file_msync_sync: user=0.004s sys=0.085s (children user=0.080s sys=0.524s) vcsw=27997 ivcsw=56007 minflt=29227
[rusage] pipe: user=0.038s sys=0.177s (children user=0.019s sys=0.183s) vcsw=356668 ivcsw=63346 minflt=965
[rusage] fifo: user=0.027s sys=0.184s (children user=0.025s sys=0.173s) vcsw=368697 ivcsw=51318 minflt=963
[rusage] socketpair: user=0.028s sys=0.253s (children user=0.016s sys=0.253s) vcsw=533482 ivcsw=116010 minflt=965
[rusage] unix: user=0.033s sys=0.247s (children user=0.018s sys=0.249s) vcsw=531792 ivcsw=114521 minflt=967
[rusage] tcp: user=0.034s sys=0.353s (children user=0.024s sys=0.350s) vcsw=371418 ivcsw=48594 minflt=964
[rusage] mqueue: user=0.008s sys=0.057s (children user=0.002s sys=0.060s) vcsw=106148 ivcsw=13862 minflt=372
[rusage] shm: user=0.023s sys=0.060s (children user=0.012s sys=0.065s) vcsw=8 ivcsw=420005 minflt=2000
[rusage] mmap_anon: user=0.021s sys=0.063s (children user=0.013s sys=0.064s) vcsw=8 ivcsw=420002 minflt=1996
[rusage] mmap_anon_populate: user=0.024s sys=0.062s (children user=0.012s sys=0.066s) vcsw=8 ivcsw=420004 minflt=3538
[rusage] mmap_file: user=0.016s sys=0.069s (children user=0.012s sys=0.065s) vcsw=8 ivcsw=420006 minflt=1996
[rusage] shm: user=0.031s sys=0.159s (children user=0.015s sys=0.156s) vcsw=402883 ivcsw=17128 minflt=1999
[rusage] mmap_anon: user=0.032s sys=0.170s (children user=0.023s sys=0.158s) vcsw=366537 ivcsw=53472 minflt=2000
[rusage] mmap_anon_populate: user=0.030s sys=0.159s (children user=0.018s sys=0.150s) vcsw=393086 ivcsw=26923 minflt=3537
[rusage] mmap_file: user=0.030s sys=0.162s (children user=0.014s sys=0.158s) vcsw=400669 ivcsw=19346 minflt=1997
[rusage] mmap_file_msync_async: user=0.004s sys=0.006s (children user=0.000s sys=0.008s) vcsw=8 ivcsw=28003 minflt=1227
[rusage] mmap_file_msync_sync: user=0.005s sys=0.094s (children user=0.098s sys=0.519s) vcsw=28002 ivcsw=56023 minflt=43228
[rusage] pipe: user=0.002s sys=0.034s (children user=0.005s sys=0.034s) vcsw=19400 ivcsw=3441 minflt=184
[rusage] fifo: user=0.006s sys=0.031s (children user=0.008s sys=0.030s) vcsw=19358 ivcsw=3388 minflt=181
[rusage] socketpair: user=0.008s sys=0.071s (children user=0.010s sys=0.081s) vcsw=33253 ivcsw=28608 minflt=183
[rusage] unix: user=0.007s sys=0.050s (children user=0.010s sys=0.054s) vcsw=32128 ivcsw=27416 minflt=184
[rusage] tcp: user=0.003s sys=0.096s (children user=0.012s sys=0.062s) vcsw=26818 ivcsw=26584 minflt=186
[rusage] shm: user=0.009s sys=0.001s (children user=0.008s sys=0.001s) vcsw=8 ivcsw=262 minflt=1289
[rusage] mmap_anon: user=0.008s sys=0.001s (children user=0.007s sys=0.002s) vcsw=8 ivcsw=264 minflt=1289
[rusage] mmap_anon_populate: user=0.009s sys=0.002s (children user=0.009s sys=0.001s) vcsw=8 ivcsw=263 minflt=2829
[rusage] mmap_file: user=0.012s sys=0.007s (children user=0.013s sys=0.001s) vcsw=8 ivcsw=263 minflt=1288
[rusage] pipe: user=0.001s sys=0.023s (children user=0.001s sys=0.026s) vcsw=13395 ivcsw=2996 minflt=214
[rusage] fifo: user=0.000s sys=0.021s (children user=0.000s sys=0.023s) vcsw=13181 ivcsw=3213 minflt=211
[rusage] socketpair: user=0.001s sys=0.017s (children user=0.002s sys=0.020s) vcsw=6475 ivcsw=3065 minflt=213
[rusage] unix: user=0.000s sys=0.018s (children user=0.000s sys=0.022s) vcsw=6471 ivcsw=3044 minflt=212
[rusage] tcp: user=0.000s sys=0.024s (children user=0.001s sys=0.020s) vcsw=1851 ivcsw=1632 minflt=216
[rusage] shm: user=0.009s sys=0.001s (children user=0.009s sys=0.000s) vcsw=8 ivcsw=266 minflt=1319
[rusage] mmap_anon: user=0.010s sys=0.000s (children user=0.009s sys=0.000s) vcsw=8 ivcsw=267 minflt=1319
[rusage] mmap_anon_populate: user=0.008s sys=0.002s (children user=0.009s sys=0.000s) vcsw=8 ivcsw=264 minflt=2855
[rusage] mmap_file: user=0.009s sys=0.001s (children user=0.009s sys=0.000s) vcsw=8 ivcsw=267 minflt=1316
[rusage] pipe: user=0.000s sys=0.020s (children user=0.000s sys=0.025s) vcsw=14602 ivcsw=1789 minflt=691
[rusage] fifo: user=0.000s sys=0.020s (children user=0.000s sys=0.026s) vcsw=14636 ivcsw=1757 minflt=690
[rusage] socketpair: user=0.000s sys=0.010s (children user=0.001s sys=0.024s) vcsw=4652 ivcsw=476 minflt=691
[rusage] unix: user=0.000s sys=0.010s (children user=0.001s sys=0.024s) vcsw=4648 ivcsw=481 minflt=691
[rusage] tcp: user=0.000s sys=0.018s (children user=0.000s sys=0.021s) vcsw=405 ivcsw=187 minflt=692
[rusage] shm: user=0.011s sys=0.001s (children user=0.010s sys=0.001s) vcsw=8 ivcsw=264 minflt=1798
[rusage] mmap_anon: user=0.010s sys=0.001s (children user=0.011s sys=0.000s) vcsw=8 ivcsw=268 minflt=1796
[rusage] mmap_anon_populate: user=0.011s sys=0.001s (children user=0.010s sys=0.001s) vcsw=8 ivcsw=262 minflt=3337
[rusage] mmap_file: user=0.012s sys=0.000s (children user=0.011s sys=0.000s) vcsw=8 ivcsw=264 minflt=1797
[rusage] mqueue: user=0.002s sys=0.014s (children user=0.000s sys=0.015s) vcsw=6076 ivcsw=734 minflt=179
[rusage] mqueue: user=0.001s sys=0.007s (children user=0.000s sys=0.008s) vcsw=3115 ivcsw=455 minflt=183
mmap: Cannot allocate memory
hugetlb: потрібні hugepages (/proc/sys/vm/nr_hugepages)
